******************************************************************************
            TI ARM Clang Linker PC v3.2.2                      
******************************************************************************
>> Linked Tue Sep  3 11:16:32 2024

OUTPUT FILE NAME:   <lab2_part3.out>
ENTRY POINT SYMBOL: "_c_int00_noargs"  address: 000020bd


MEMORY CONFIGURATION

         name            origin    length      used     unused   attr    fill
----------------------  --------  ---------  --------  --------  ----  --------
  FLASH                 00000000   00020000  00002840  0001d7c0  R  X
  SRAM                  20200000   00008000  00000a08  000075f8  RW X
  BCR_CONFIG            41c00000   00000080  00000000  00000080  R   
  BSL_CONFIG            41c00100   00000080  00000000  00000080  R   


SEGMENT ALLOCATION MAP

run origin  load origin   length   init length attrs members
----------  ----------- ---------- ----------- ----- -------
00000000    00000000    00002840   00002840    r-x
  00000000    00000000    000000c0   000000c0    r-- .intvecs
  000000c0    000000c0    000021c0   000021c0    r-x .text
  00002280    00002280    000005a0   000005a0    r-- .rodata
  00002820    00002820    00000020   00000020    r-- .cinit
20200000    20200000    00000808   00000000    rw-
  20200000    20200000    00000800   00000000    rw- .sysmem
  20200800    20200800    00000008   00000000    rw- .data
20207e00    20207e00    00000200   00000000    rw-
  20207e00    20207e00    00000200   00000000    rw- .stack


SECTION ALLOCATION MAP

 output                                  attributes/
section   page    origin      length       input sections
--------  ----  ----------  ----------   ----------------
.intvecs   0    00000000    000000c0     
                  00000000    000000c0     startup_mspm0g3507_ticlang.o (.intvecs)

.text      0    000000c0    000021c0     
                  000000c0    00000a00     libc.a : _printfi.c.obj (.text:__TI_printfi)
                  00000ac0    00000220            : _printfi.c.obj (.text._pconv_a)
                  00000ce0    00000208     main.o (.text.main)
                  00000ee8    000001dc     libc.a : _printfi.c.obj (.text._pconv_g)
                  000010c4    00000192     libclang_rt.builtins.a : adddf3.S.obj (.text.adddf3_subdf3)
                  00001256    00000002                            : aeabi_div0.c.obj (.text.__aeabi_idiv0)
                  00001258    00000168     clock.o (.text.clock_init_40mhz)
                  000013c0    0000013c     libc.a : _printfi.c.obj (.text.fcvt)
                  000014fc    00000120            : _printfi.c.obj (.text._pconv_e)
                  0000161c    0000010c     libclang_rt.builtins.a : divdf3.S.obj (.text.__divdf3)
                  00001728    000000e4                            : muldf3.S.obj (.text.__muldf3)
                  0000180c    000000d8     libc.a : s_scalbn.c.obj (.text.scalbn)
                  000018e4    000000d4     uart.o (.text.UART_init)
                  000019b8    000000a2     libclang_rt.builtins.a : udivmoddi4.S.obj (.text)
                  00001a5a    00000002                            : aeabi_div0.c.obj (.text.__aeabi_ldiv0)
                  00001a5c    00000078     libc.a : copy_decompress_lzss.c.obj (.text:decompress:lzss)
                  00001ad4    00000070     libclang_rt.builtins.a : comparedf2.c.obj (.text.__gedf2)
                  00001b44    0000006c                            : comparedf2.c.obj (.text.__ledf2)
                  00001bb0    00000066     libc.a : _printfi.c.obj (.text._mcpy)
                  00001c16    00000002     --HOLE-- [fill = 0]
                  00001c18    00000062     libclang_rt.builtins.a : aeabi_dcmp.S.obj (.text.__aeabi_dcmp)
                  00001c7a    00000002     --HOLE-- [fill = 0]
                  00001c7c    0000005c     libc.a : s_frexp.c.obj (.text.frexp)
                  00001cd8    00000058            : _ltoa.c.obj (.text.__TI_ltoa)
                  00001d30    00000058            : _printfi.c.obj (.text._pconv_f)
                  00001d88    00000056     libclang_rt.builtins.a : aeabi_idivmod.S.obj (.text.__aeabi_idivmod)
                  00001dde    00000052     libc.a : _printfi.c.obj (.text._ecpy)
                  00001e30    0000004a     libclang_rt.builtins.a : fixdfsi.S.obj (.text.__fixdfsi)
                  00001e7a    00000046     main.o (.text.msp_printf)
                  00001ec0    00000042     libclang_rt.builtins.a : fixunsdfsi.S.obj (.text.__fixunsdfsi)
                  00001f02    00000002     --HOLE-- [fill = 0]
                  00001f04    00000040                            : aeabi_uidivmod.S.obj (.text.__aeabi_uidivmod)
                  00001f44    00000040     libc.a : atoi.c.obj (.text.atoi)
                  00001f84    0000003c            : autoinit.c.obj (.text:__TI_auto_init_nobinit_nopinit)
                  00001fc0    0000003a     libclang_rt.builtins.a : muldsi3.S.obj (.text.__muldsi3)
                  00001ffa    00000002     --HOLE-- [fill = 0]
                  00001ffc    00000038     libc.a : sprintf.c.obj (.text.sprintf)
                  00002034    00000030            : _printfi.c.obj (.text._fcpy)
                  00002064    0000002c     uart.o (.text.UART_out_char)
                  00002090    0000002c     libclang_rt.builtins.a : floatsidf.S.obj (.text.__floatsidf)
                  000020bc    00000028     libc.a : boot_cortex_m.c.obj (.text:_c_int00_noargs)
                  000020e4    00000024     libclang_rt.builtins.a : floatunsidf.S.obj (.text.__floatunsidf)
                  00002108    00000024                            : muldi3.S.obj (.text.__muldi3)
                  0000212c    00000022     libc.a : memccpy.c.obj (.text.memccpy)
                  0000214e    00000002     --HOLE-- [fill = 0]
                  00002150    0000001e     libclang_rt.builtins.a : ashldi3.S.obj (.text.__ashldi3)
                  0000216e    00000018     libc.a : sprintf.c.obj (.text._outs)
                  00002186    00000002     --HOLE-- [fill = 0]
                  00002188    00000014     libclang_rt.builtins.a : aeabi_uldivmod.S.obj (.text.__aeabi_uldivmod)
                  0000219c    00000014     libc.a : _printfi.c.obj (.text.strchr)
                  000021b0    00000012            : memcpy16.S.obj (.text:TI_memcpy_small)
                  000021c2    00000012            : copy_decompress_none.c.obj (.text:decompress:none)
                  000021d4    00000010     clock.o (.text.clock_delay)
                  000021e4    00000010     libc.a : wcslen.c.obj (.text.wcslen)
                  000021f4    0000000e     libclang_rt.builtins.a : aeabi_memset.S.obj (.text.__aeabi_memset)
                  00002202    0000000e     libc.a : _printfi.c.obj (.text.strlen)
                  00002210    0000000e            : memset16.S.obj (.text:TI_memset_small)
                  0000221e    00000002     --HOLE-- [fill = 0]
                  00002220    0000000c     clock.o (.text.get_bus_clock_freq)
                  0000222c    0000000a     libc.a : _printfi.c.obj (.text.OUTLINED_FUNCTION_0)
                  00002236    00000002     --HOLE-- [fill = 0]
                  00002238    00000010     libclang_rt.builtins.a : adddf3.S.obj (.tramp.__aeabi_dsub.1)
                  00002248    0000000a     libc.a : _printfi.c.obj (.text.OUTLINED_FUNCTION_1)
                  00002252    0000000a            : sprintf.c.obj (.text._outc)
                  0000225c    00000008            : aeabi_portable.c.obj (.text.__aeabi_errno_addr)
                  00002264    00000008     libclang_rt.builtins.a : aeabi_memcpy.S.obj (.text.__aeabi_memcpy)
                  0000226c    00000004     startup_mspm0g3507_ticlang.o (.text.Default_Handler)
                  00002270    00000004     startup_mspm0g3507_ticlang.o (.text.HardFault_Handler)
                  00002274    00000004     startup_mspm0g3507_ticlang.o (.text.Reset_Handler)
                  00002278    00000004     libc.a : pre_init.c.obj (.text._system_pre_init)
                  0000227c    00000004            : exit.c.obj (.text:abort)

.cinit     0    00002820    00000020     
                  00002820    0000000a     (.cinit..data.load) [load image, compression = lzss]
                  0000282a    00000002     --HOLE-- [fill = 0]
                  0000282c    00000008     (__TI_handler_table)
                  00002834    00000008     (__TI_cinit_table)
                  0000283c    00000004     --HOLE-- [fill = 0]

.rodata    0    00002280    000005a0     
                  00002280    00000101     libc.a : aeabi_ctype.S.obj (.rodata:__aeabi_ctype_table_)
                  00002381    0000003c     main.o (.rodata.str1.52501554851255701521)
                  000023bd    00000028     main.o (.rodata.str1.101537300378815181031)
                  000023e5    00000028     main.o (.rodata.str1.103839438932389472821)
                  0000240d    00000028     main.o (.rodata.str1.134023554918013473231)
                  00002435    00000028     main.o (.rodata.str1.151061411185031815721)
                  0000245d    00000028     main.o (.rodata.str1.179975536754379042391)
                  00002485    00000028     main.o (.rodata.str1.19581600218089604221)
                  000024ad    00000028     main.o (.rodata.str1.31872665017682117481)
                  000024d5    00000028     main.o (.rodata.str1.47389027370924160151)
                  000024fd    00000028     main.o (.rodata.str1.55017464818642898751)
                  00002525    00000028     main.o (.rodata.str1.59473202433939028451)
                  0000254d    00000028     main.o (.rodata.str1.66444207266452456401)
                  00002575    00000028     main.o (.rodata.str1.69189412625334732771)
                  0000259d    00000028     main.o (.rodata.str1.81593080567723157351)
                  000025c5    00000028     main.o (.rodata.str1.84555903791196549931)
                  000025ed    00000028     main.o (.rodata.str1.954282607814150271)
                  00002615    00000028     main.o (.rodata.str1.99111246168193324041)
                  0000263d    00000024     main.o (.rodata.str1.171135724027876188451)
                  00002661    00000024     main.o (.rodata.str1.17141933821247617371)
                  00002685    00000024     main.o (.rodata.str1.42969106790848045441)
                  000026a9    00000024     main.o (.rodata.str1.55841430354152434161)
                  000026cd    00000024     main.o (.rodata.str1.66840473539710954921)
                  000026f1    00000024     main.o (.rodata.str1.79551435545072341851)
                  00002715    00000024     main.o (.rodata.str1.88864587114646350841)
                  00002739    00000024     main.o (.rodata.str1.97993385775340092391)
                  0000275d    00000021     main.o (.rodata.str1.169425006640414195481)
                  0000277e    0000001f     main.o (.rodata.str1.107132333266431924371)
                  0000279d    0000001e     main.o (.rodata.str1.66576556518284861641)
                  000027bb    0000001e     main.o (.rodata.str1.96696425805949040631)
                  000027d9    0000001d     main.o (.rodata.str1.176328792963337784071)
                  000027f6    00000011     libc.a : _printfi.c.obj (.rodata.str1.11645776875810915891)
                  00002807    00000011            : _printfi.c.obj (.rodata.str1.44690500295887128011)
                  00002818    00000003     main.o (.rodata.str1.171590253234040549591)
                  0000281b    00000005     --HOLE-- [fill = 0]

.init_array 
*          0    00000000    00000000     UNINITIALIZED

.binit     0    00000000    00000000     

.data      0    20200800    00000008     UNINITIALIZED
                  20200800    00000004     libc.a : aeabi_portable.c.obj (.data.__aeabi_errno)
                  20200804    00000004     clock.o (.data.g_bus_clock_freq)

.sysmem    0    20200000    00000800     UNINITIALIZED
                  20200000    00000010     libc.a : memory.c.obj (.sysmem)
                  20200010    000007f0     --HOLE--

.stack     0    20207e00    00000200     UNINITIALIZED
                  20207e00    00000004     libc.a : boot_cortex_m.c.obj (.stack)
                  20207e04    000001fc     --HOLE--

__llvm_prf_cnts 
*          0    20200000    00000000     UNINITIALIZED

__llvm_prf_bits 
*          0    20200000    00000000     UNINITIALIZED

MODULE SUMMARY

       Module                         code   ro data   rw data
       ------                         ----   -------   -------
    .\
       main.o                         590    1144      0      
       clock.o                        388    0         4      
       uart.o                         256    0         0      
    +--+------------------------------+------+---------+---------+
       Total:                         1234   1144      4      
                                                              
    .\ticlang\
       startup_mspm0g3507_ticlang.o   12     192       0      
    +--+------------------------------+------+---------+---------+
       Total:                         12     192       0      
                                                              
    C:\ti\ccstheia141\ccs\tools\compiler\ti-cgt-armllvm_3.2.2.LTS\lib\armv6m-ti-none-eabi/c/libc.a
       _printfi.c.obj                 4558   34        0      
       aeabi_ctype.S.obj              0      257       0      
       s_scalbn.c.obj                 216    0         0      
       copy_decompress_lzss.c.obj     120    0         0      
       s_frexp.c.obj                  92     0         0      
       sprintf.c.obj                  90     0         0      
       _ltoa.c.obj                    88     0         0      
       atoi.c.obj                     64     0         0      
       autoinit.c.obj                 60     0         0      
       boot_cortex_m.c.obj            40     0         0      
       memccpy.c.obj                  34     0         0      
       copy_decompress_none.c.obj     18     0         0      
       memcpy16.S.obj                 18     0         0      
       wcslen.c.obj                   16     0         0      
       memset16.S.obj                 14     0         0      
       aeabi_portable.c.obj           8      0         4      
       exit.c.obj                     4      0         0      
       pre_init.c.obj                 4      0         0      
    +--+------------------------------+------+---------+---------+
       Total:                         5444   291       4      
                                                              
    C:\ti\ccstheia141\ccs\tools\compiler\ti-cgt-armllvm_3.2.2.LTS\lib\clang/15.0.7/lib/armv6m-ti-none-eabi/libclang_rt.builtins.a
       adddf3.S.obj                   418    0         0      
       divdf3.S.obj                   268    0         0      
       muldf3.S.obj                   228    0         0      
       comparedf2.c.obj               220    0         0      
       udivmoddi4.S.obj               162    0         0      
       aeabi_dcmp.S.obj               98     0         0      
       aeabi_idivmod.S.obj            86     0         0      
       fixdfsi.S.obj                  74     0         0      
       fixunsdfsi.S.obj               66     0         0      
       aeabi_uidivmod.S.obj           64     0         0      
       muldsi3.S.obj                  58     0         0      
       floatsidf.S.obj                44     0         0      
       floatunsidf.S.obj              36     0         0      
       muldi3.S.obj                   36     0         0      
       ashldi3.S.obj                  30     0         0      
       aeabi_uldivmod.S.obj           20     0         0      
       aeabi_memset.S.obj             14     0         0      
       aeabi_memcpy.S.obj             8      0         0      
       aeabi_div0.c.obj               4      0         0      
    +--+------------------------------+------+---------+---------+
       Total:                         1934   0         0      
                                                              
       Heap:                          0      0         2048   
       Stack:                         0      0         512    
       Linker Generated:              0      26        0      
    +--+------------------------------+------+---------+---------+
       Grand Total:                   8624   1653      2568   


LINKER GENERATED COPY TABLES

__TI_cinit_table @ 00002834 records: 1, size/record: 8, table size: 8
	.data: load addr=00002820, load size=0000000a bytes, run addr=20200800, run size=00000008 bytes, compression=lzss


LINKER GENERATED HANDLER TABLE

__TI_handler_table @ 0000282c records: 2, size/record: 4, table size: 8
	index: 0, handler: __TI_decompress_lzss
	index: 1, handler: __TI_decompress_none


FAR CALL TRAMPOLINES

callee name               trampoline name
   callee addr  tramp addr   call addr  call info
--------------  -----------  ---------  ----------------
__aeabi_dsub              $Tramp$TT$L$PI$$__aeabi_dsub
   000010c5     00002238     00002234   libc.a : _printfi.c.obj (.text.OUTLINED_FUNCTION_0)

[1 trampolines]
[1 trampoline calls]


GLOBAL SYMBOLS: SORTED ALPHABETICALLY BY Name 

address   name                          
-------   ----                          
0000226d  ADC0_IRQHandler               
0000226d  ADC1_IRQHandler               
0000226d  AES_IRQHandler                
0000227c  C$$EXIT                       
0000226d  CANFD0_IRQHandler             
0000226d  DAC0_IRQHandler               
0000226d  DMA_IRQHandler                
0000226d  Default_Handler               
0000226d  GROUP0_IRQHandler             
0000226d  GROUP1_IRQHandler             
00002271  HardFault_Handler             
0000226d  I2C0_IRQHandler               
0000226d  I2C1_IRQHandler               
0000226d  NMI_Handler                   
0000226d  PendSV_Handler                
0000226d  RTC_IRQHandler                
00002275  Reset_Handler                 
0000226d  SPI0_IRQHandler               
0000226d  SPI1_IRQHandler               
0000226d  SVC_Handler                   
0000226d  SysTick_Handler               
0000226d  TIMA0_IRQHandler              
0000226d  TIMA1_IRQHandler              
0000226d  TIMG0_IRQHandler              
0000226d  TIMG12_IRQHandler             
0000226d  TIMG6_IRQHandler              
0000226d  TIMG7_IRQHandler              
0000226d  TIMG8_IRQHandler              
000021b1  TI_memcpy_small               
00002211  TI_memset_small               
0000226d  UART0_IRQHandler              
0000226d  UART1_IRQHandler              
0000226d  UART2_IRQHandler              
0000226d  UART3_IRQHandler              
000018e5  UART_init                     
00002065  UART_out_char                 
20208000  __STACK_END                   
00000200  __STACK_SIZE                  
00000800  __SYSMEM_SIZE                 
00000000  __TI_ATRegion0_region_sz      
00000000  __TI_ATRegion0_src_addr       
00000000  __TI_ATRegion0_trg_addr       
00000000  __TI_ATRegion1_region_sz      
00000000  __TI_ATRegion1_src_addr       
00000000  __TI_ATRegion1_trg_addr       
00000000  __TI_ATRegion2_region_sz      
00000000  __TI_ATRegion2_src_addr       
00000000  __TI_ATRegion2_trg_addr       
00002834  __TI_CINIT_Base               
0000283c  __TI_CINIT_Limit              
0000283c  __TI_CINIT_Warm               
0000282c  __TI_Handler_Table_Base       
00002834  __TI_Handler_Table_Limit      
00001f85  __TI_auto_init_nobinit_nopinit
00001a5d  __TI_decompress_lzss          
000021c3  __TI_decompress_none          
00001cd9  __TI_ltoa                     
ffffffff  __TI_pprof_out_hndl           
000000c1  __TI_printfi                  
ffffffff  __TI_prof_data_size           
ffffffff  __TI_prof_data_start          
00000000  __TI_static_base__            
000010cf  __adddf3                      
00002280  __aeabi_ctype_table_          
00002280  __aeabi_ctype_table_C         
00001e31  __aeabi_d2iz                  
00001ec1  __aeabi_d2uiz                 
000010cf  __aeabi_dadd                  
00001c19  __aeabi_dcmpeq                
00001c55  __aeabi_dcmpge                
00001c69  __aeabi_dcmpgt                
00001c41  __aeabi_dcmple                
00001c2d  __aeabi_dcmplt                
0000161d  __aeabi_ddiv                  
00001729  __aeabi_dmul                  
000010c5  __aeabi_dsub                  
20200800  __aeabi_errno                 
0000225d  __aeabi_errno_addr            
00002091  __aeabi_i2d                   
00001d89  __aeabi_idiv                  
00001257  __aeabi_idiv0                 
00001d89  __aeabi_idivmod               
00001a5b  __aeabi_ldiv0                 
00002151  __aeabi_llsl                  
00002109  __aeabi_lmul                  
00002265  __aeabi_memcpy                
00002265  __aeabi_memcpy4               
00002265  __aeabi_memcpy8               
000021f5  __aeabi_memset                
000021f5  __aeabi_memset4               
000021f5  __aeabi_memset8               
000020e5  __aeabi_ui2d                  
00001f05  __aeabi_uidiv                 
00001f05  __aeabi_uidivmod              
00002189  __aeabi_uldivmod              
00002151  __ashldi3                     
ffffffff  __binit__                     
00001b45  __cmpdf2                      
0000161d  __divdf3                      
00001b45  __eqdf2                       
00001e31  __fixdfsi                     
00001ec1  __fixunsdfsi                  
00002091  __floatsidf                   
000020e5  __floatunsidf                 
00001ad5  __gedf2                       
00001ad5  __gtdf2                       
00001b45  __ledf2                       
00001b45  __ltdf2                       
UNDEFED   __mpu_init                    
00001729  __muldf3                      
00002109  __muldi3                      
00001fc1  __muldsi3                     
00001b45  __nedf2                       
20207e00  __stack                       
20200000  __start___llvm_prf_bits       
20200000  __start___llvm_prf_cnts       
20200000  __stop___llvm_prf_bits        
20200000  __stop___llvm_prf_cnts        
000010c5  __subdf3                      
000019b9  __udivmoddi4                  
000020bd  _c_int00_noargs               
20200000  _sys_memory                   
UNDEFED   _system_post_cinit            
00002279  _system_pre_init              
0000227d  abort                         
00001f45  atoi                          
ffffffff  binit                         
000021d5  clock_delay                   
00001259  clock_init_40mhz              
00001c7d  frexp                         
00001c7d  frexpl                        
20200804  g_bus_clock_freq              
00002221  get_bus_clock_freq            
00000000  interruptVectors              
0000180d  ldexp                         
0000180d  ldexpl                        
00000ce1  main                          
0000212d  memccpy                       
00001e7b  msp_printf                    
0000180d  scalbn                        
0000180d  scalbnl                       
00001ffd  sprintf                       
000021e5  wcslen                        


GLOBAL SYMBOLS: SORTED BY Symbol Address 

address   name                          
-------   ----                          
00000000  __TI_ATRegion0_region_sz      
00000000  __TI_ATRegion0_src_addr       
00000000  __TI_ATRegion0_trg_addr       
00000000  __TI_ATRegion1_region_sz      
00000000  __TI_ATRegion1_src_addr       
00000000  __TI_ATRegion1_trg_addr       
00000000  __TI_ATRegion2_region_sz      
00000000  __TI_ATRegion2_src_addr       
00000000  __TI_ATRegion2_trg_addr       
00000000  __TI_static_base__            
00000000  interruptVectors              
000000c1  __TI_printfi                  
00000200  __STACK_SIZE                  
00000800  __SYSMEM_SIZE                 
00000ce1  main                          
000010c5  __aeabi_dsub                  
000010c5  __subdf3                      
000010cf  __adddf3                      
000010cf  __aeabi_dadd                  
00001257  __aeabi_idiv0                 
00001259  clock_init_40mhz              
0000161d  __aeabi_ddiv                  
0000161d  __divdf3                      
00001729  __aeabi_dmul                  
00001729  __muldf3                      
0000180d  ldexp                         
0000180d  ldexpl                        
0000180d  scalbn                        
0000180d  scalbnl                       
000018e5  UART_init                     
000019b9  __udivmoddi4                  
00001a5b  __aeabi_ldiv0                 
00001a5d  __TI_decompress_lzss          
00001ad5  __gedf2                       
00001ad5  __gtdf2                       
00001b45  __cmpdf2                      
00001b45  __eqdf2                       
00001b45  __ledf2                       
00001b45  __ltdf2                       
00001b45  __nedf2                       
00001c19  __aeabi_dcmpeq                
00001c2d  __aeabi_dcmplt                
00001c41  __aeabi_dcmple                
00001c55  __aeabi_dcmpge                
00001c69  __aeabi_dcmpgt                
00001c7d  frexp                         
00001c7d  frexpl                        
00001cd9  __TI_ltoa                     
00001d89  __aeabi_idiv                  
00001d89  __aeabi_idivmod               
00001e31  __aeabi_d2iz                  
00001e31  __fixdfsi                     
00001e7b  msp_printf                    
00001ec1  __aeabi_d2uiz                 
00001ec1  __fixunsdfsi                  
00001f05  __aeabi_uidiv                 
00001f05  __aeabi_uidivmod              
00001f45  atoi                          
00001f85  __TI_auto_init_nobinit_nopinit
00001fc1  __muldsi3                     
00001ffd  sprintf                       
00002065  UART_out_char                 
00002091  __aeabi_i2d                   
00002091  __floatsidf                   
000020bd  _c_int00_noargs               
000020e5  __aeabi_ui2d                  
000020e5  __floatunsidf                 
00002109  __aeabi_lmul                  
00002109  __muldi3                      
0000212d  memccpy                       
00002151  __aeabi_llsl                  
00002151  __ashldi3                     
00002189  __aeabi_uldivmod              
000021b1  TI_memcpy_small               
000021c3  __TI_decompress_none          
000021d5  clock_delay                   
000021e5  wcslen                        
000021f5  __aeabi_memset                
000021f5  __aeabi_memset4               
000021f5  __aeabi_memset8               
00002211  TI_memset_small               
00002221  get_bus_clock_freq            
0000225d  __aeabi_errno_addr            
00002265  __aeabi_memcpy                
00002265  __aeabi_memcpy4               
00002265  __aeabi_memcpy8               
0000226d  ADC0_IRQHandler               
0000226d  ADC1_IRQHandler               
0000226d  AES_IRQHandler                
0000226d  CANFD0_IRQHandler             
0000226d  DAC0_IRQHandler               
0000226d  DMA_IRQHandler                
0000226d  Default_Handler               
0000226d  GROUP0_IRQHandler             
0000226d  GROUP1_IRQHandler             
0000226d  I2C0_IRQHandler               
0000226d  I2C1_IRQHandler               
0000226d  NMI_Handler                   
0000226d  PendSV_Handler                
0000226d  RTC_IRQHandler                
0000226d  SPI0_IRQHandler               
0000226d  SPI1_IRQHandler               
0000226d  SVC_Handler                   
0000226d  SysTick_Handler               
0000226d  TIMA0_IRQHandler              
0000226d  TIMA1_IRQHandler              
0000226d  TIMG0_IRQHandler              
0000226d  TIMG12_IRQHandler             
0000226d  TIMG6_IRQHandler              
0000226d  TIMG7_IRQHandler              
0000226d  TIMG8_IRQHandler              
0000226d  UART0_IRQHandler              
0000226d  UART1_IRQHandler              
0000226d  UART2_IRQHandler              
0000226d  UART3_IRQHandler              
00002271  HardFault_Handler             
00002275  Reset_Handler                 
00002279  _system_pre_init              
0000227c  C$$EXIT                       
0000227d  abort                         
00002280  __aeabi_ctype_table_          
00002280  __aeabi_ctype_table_C         
0000282c  __TI_Handler_Table_Base       
00002834  __TI_CINIT_Base               
00002834  __TI_Handler_Table_Limit      
0000283c  __TI_CINIT_Limit              
0000283c  __TI_CINIT_Warm               
20200000  __start___llvm_prf_bits       
20200000  __start___llvm_prf_cnts       
20200000  __stop___llvm_prf_bits        
20200000  __stop___llvm_prf_cnts        
20200000  _sys_memory                   
20200800  __aeabi_errno                 
20200804  g_bus_clock_freq              
20207e00  __stack                       
20208000  __STACK_END                   
ffffffff  __TI_pprof_out_hndl           
ffffffff  __TI_prof_data_size           
ffffffff  __TI_prof_data_start          
ffffffff  __binit__                     
ffffffff  binit                         
UNDEFED   __mpu_init                    
UNDEFED   _system_post_cinit            

[143 symbols]
