<?xml version="1.0" encoding="ISO-8859-1" ?>
<link_info>
   <banner>TI ARM Clang Linker Unix v4.0.0.LTS</banner>
   <copyright>Copyright (c) 1996-2018 Texas Instruments Incorporated</copyright>
   <command_line>/home/andrew/ti/ccstheia151/ccs/tools/compiler/ti-cgt-armllvm_4.0.0.LTS/bin/tiarmlnk -I/home/andrew/ti/ccstheia151/ccs/tools/compiler/ti-cgt-armllvm_4.0.0.LTS/lib -o lab3_part1.out -mlab3_part1.map --heap_size=0x800 --stack_size=512 -i/home/andrew/ti/mspm0_sdk_2_01_00_03/source -i/home/andrew/Documents/csc202_workspace/lab3_part1 -i/home/andrew/Documents/csc202_workspace/lab3_part1/Debug/syscfg -i/home/andrew/ti/ccstheia151/ccs/tools/compiler/ti-cgt-armllvm_4.0.0.LTS/lib --diag_wrap=off --display_error_number --warn_sections --xml_link_info=lab3_part1_linkInfo.xml --rom_model ./LaunchPad.o ./adc.o ./clock.o ./lab3p1_main.o ./lcd1602.o ./spi.o ./uart.o ./ticlang/startup_mspm0g3507_ticlang.o ../mspm0g3507.cmd -llibc.a --start-group -llibc++.a -llibc++abi.a -llibc.a -llibsys.a -llibsysbm.a -llibclang_rt.builtins.a -llibclang_rt.profile.a --end-group --cg_opt_level=0</command_line>
   <link_time>0x672587d3</link_time>
   <link_errors>0x0</link_errors>
   <output_file>/home/andrew/Documents/csc202_workspace/lab3_part1/Debug/lab3_part1.out</output_file>
   <entry_point>
      <name>_c_int00_noargs</name>
      <address>0x21e5</address>
   </entry_point>
   <input_file_list>
      <input_file id="fl-1">
         <path>/home/andrew/Documents/csc202_workspace/lab3_part1/Debug/./</path>
         <kind>object</kind>
         <file>LaunchPad.o</file>
         <name>LaunchPad.o</name>
      </input_file>
      <input_file id="fl-2">
         <path>/home/andrew/Documents/csc202_workspace/lab3_part1/Debug/./</path>
         <kind>object</kind>
         <file>adc.o</file>
         <name>adc.o</name>
      </input_file>
      <input_file id="fl-3">
         <path>/home/andrew/Documents/csc202_workspace/lab3_part1/Debug/./</path>
         <kind>object</kind>
         <file>clock.o</file>
         <name>clock.o</name>
      </input_file>
      <input_file id="fl-4">
         <path>/home/andrew/Documents/csc202_workspace/lab3_part1/Debug/./</path>
         <kind>object</kind>
         <file>lab3p1_main.o</file>
         <name>lab3p1_main.o</name>
      </input_file>
      <input_file id="fl-5">
         <path>/home/andrew/Documents/csc202_workspace/lab3_part1/Debug/./</path>
         <kind>object</kind>
         <file>lcd1602.o</file>
         <name>lcd1602.o</name>
      </input_file>
      <input_file id="fl-6">
         <path>/home/andrew/Documents/csc202_workspace/lab3_part1/Debug/./</path>
         <kind>object</kind>
         <file>spi.o</file>
         <name>spi.o</name>
      </input_file>
      <input_file id="fl-7">
         <path>/home/andrew/Documents/csc202_workspace/lab3_part1/Debug/./</path>
         <kind>object</kind>
         <file>uart.o</file>
         <name>uart.o</name>
      </input_file>
      <input_file id="fl-8">
         <path>/home/andrew/Documents/csc202_workspace/lab3_part1/Debug/./ticlang/</path>
         <kind>object</kind>
         <file>startup_mspm0g3507_ticlang.o</file>
         <name>startup_mspm0g3507_ticlang.o</name>
      </input_file>
      <input_file id="fl-13">
         <path>/home/andrew/Documents/csc202_workspace/lab3_part1/Debug/</path>
         <kind>object</kind>
         <file>&lt;internal&gt;</file>
         <name>&lt;internal&gt;</name>
      </input_file>
      <input_file id="fl-28">
         <path>/home/andrew/ti/ccstheia151/ccs/tools/compiler/ti-cgt-armllvm_4.0.0.LTS/lib/armv6m-ti-none-eabi/c/</path>
         <kind>archive</kind>
         <file>libc.a</file>
         <name>e_powf.c.obj</name>
      </input_file>
      <input_file id="fl-29">
         <path>/home/andrew/ti/ccstheia151/ccs/tools/compiler/ti-cgt-armllvm_4.0.0.LTS/lib/armv6m-ti-none-eabi/c/</path>
         <kind>archive</kind>
         <file>libc.a</file>
         <name>e_sqrtf.c.obj</name>
      </input_file>
      <input_file id="fl-2a">
         <path>/home/andrew/ti/ccstheia151/ccs/tools/compiler/ti-cgt-armllvm_4.0.0.LTS/lib/armv6m-ti-none-eabi/c/</path>
         <kind>archive</kind>
         <file>libc.a</file>
         <name>s_scalbnf.c.obj</name>
      </input_file>
      <input_file id="fl-2b">
         <path>/home/andrew/ti/ccstheia151/ccs/tools/compiler/ti-cgt-armllvm_4.0.0.LTS/lib/armv6m-ti-none-eabi/c/</path>
         <kind>archive</kind>
         <file>libc.a</file>
         <name>sprintf.c.obj</name>
      </input_file>
      <input_file id="fl-2c">
         <path>/home/andrew/ti/ccstheia151/ccs/tools/compiler/ti-cgt-armllvm_4.0.0.LTS/lib/armv6m-ti-none-eabi/c/</path>
         <kind>archive</kind>
         <file>libc.a</file>
         <name>aeabi_portable.c.obj</name>
      </input_file>
      <input_file id="fl-2d">
         <path>/home/andrew/ti/ccstheia151/ccs/tools/compiler/ti-cgt-armllvm_4.0.0.LTS/lib/armv6m-ti-none-eabi/c/</path>
         <kind>archive</kind>
         <file>libc.a</file>
         <name>assert.c.obj</name>
      </input_file>
      <input_file id="fl-2e">
         <path>/home/andrew/ti/ccstheia151/ccs/tools/compiler/ti-cgt-armllvm_4.0.0.LTS/lib/armv6m-ti-none-eabi/c/</path>
         <kind>archive</kind>
         <file>libc.a</file>
         <name>defs.c.obj</name>
      </input_file>
      <input_file id="fl-2f">
         <path>/home/andrew/ti/ccstheia151/ccs/tools/compiler/ti-cgt-armllvm_4.0.0.LTS/lib/armv6m-ti-none-eabi/c/</path>
         <kind>archive</kind>
         <file>libc.a</file>
         <name>memory.c.obj</name>
      </input_file>
      <input_file id="fl-30">
         <path>/home/andrew/ti/ccstheia151/ccs/tools/compiler/ti-cgt-armllvm_4.0.0.LTS/lib/armv6m-ti-none-eabi/c/</path>
         <kind>archive</kind>
         <file>libc.a</file>
         <name>copy_zero_init.c.obj</name>
      </input_file>
      <input_file id="fl-31">
         <path>/home/andrew/ti/ccstheia151/ccs/tools/compiler/ti-cgt-armllvm_4.0.0.LTS/lib/armv6m-ti-none-eabi/c/</path>
         <kind>archive</kind>
         <file>libc.a</file>
         <name>copy_decompress_none.c.obj</name>
      </input_file>
      <input_file id="fl-32">
         <path>/home/andrew/ti/ccstheia151/ccs/tools/compiler/ti-cgt-armllvm_4.0.0.LTS/lib/armv6m-ti-none-eabi/c/</path>
         <kind>archive</kind>
         <file>libc.a</file>
         <name>copy_decompress_lzss.c.obj</name>
      </input_file>
      <input_file id="fl-33">
         <path>/home/andrew/ti/ccstheia151/ccs/tools/compiler/ti-cgt-armllvm_4.0.0.LTS/lib/armv6m-ti-none-eabi/c/</path>
         <kind>archive</kind>
         <file>libc.a</file>
         <name>boot_cortex_m.c.obj</name>
      </input_file>
      <input_file id="fl-34">
         <path>/home/andrew/ti/ccstheia151/ccs/tools/compiler/ti-cgt-armllvm_4.0.0.LTS/lib/armv6m-ti-none-eabi/c/</path>
         <kind>archive</kind>
         <file>libc.a</file>
         <name>mathacl_init.c.obj</name>
      </input_file>
      <input_file id="fl-35">
         <path>/home/andrew/ti/ccstheia151/ccs/tools/compiler/ti-cgt-armllvm_4.0.0.LTS/lib/armv6m-ti-none-eabi/c/</path>
         <kind>archive</kind>
         <file>libc.a</file>
         <name>_printfi.c.obj</name>
      </input_file>
      <input_file id="fl-36">
         <path>/home/andrew/ti/ccstheia151/ccs/tools/compiler/ti-cgt-armllvm_4.0.0.LTS/lib/armv6m-ti-none-eabi/c/</path>
         <kind>archive</kind>
         <file>libc.a</file>
         <name>fflush.c.obj</name>
      </input_file>
      <input_file id="fl-37">
         <path>/home/andrew/ti/ccstheia151/ccs/tools/compiler/ti-cgt-armllvm_4.0.0.LTS/lib/armv6m-ti-none-eabi/c/</path>
         <kind>archive</kind>
         <file>libc.a</file>
         <name>fputs.c.obj</name>
      </input_file>
      <input_file id="fl-38">
         <path>/home/andrew/ti/ccstheia151/ccs/tools/compiler/ti-cgt-armllvm_4.0.0.LTS/lib/armv6m-ti-none-eabi/c/</path>
         <kind>archive</kind>
         <file>libc.a</file>
         <name>_io_perm.c.obj</name>
      </input_file>
      <input_file id="fl-39">
         <path>/home/andrew/ti/ccstheia151/ccs/tools/compiler/ti-cgt-armllvm_4.0.0.LTS/lib/armv6m-ti-none-eabi/c/</path>
         <kind>archive</kind>
         <file>libc.a</file>
         <name>setvbuf.c.obj</name>
      </input_file>
      <input_file id="fl-3a">
         <path>/home/andrew/ti/ccstheia151/ccs/tools/compiler/ti-cgt-armllvm_4.0.0.LTS/lib/armv6m-ti-none-eabi/c/</path>
         <kind>archive</kind>
         <file>libc.a</file>
         <name>exit.c.obj</name>
      </input_file>
      <input_file id="fl-3b">
         <path>/home/andrew/ti/ccstheia151/ccs/tools/compiler/ti-cgt-armllvm_4.0.0.LTS/lib/armv6m-ti-none-eabi/c/</path>
         <kind>archive</kind>
         <file>libc.a</file>
         <name>_lock.c.obj</name>
      </input_file>
      <input_file id="fl-3c">
         <path>/home/andrew/ti/ccstheia151/ccs/tools/compiler/ti-cgt-armllvm_4.0.0.LTS/lib/armv6m-ti-none-eabi/c/</path>
         <kind>archive</kind>
         <file>libc.a</file>
         <name>_ltoa.c.obj</name>
      </input_file>
      <input_file id="fl-3d">
         <path>/home/andrew/ti/ccstheia151/ccs/tools/compiler/ti-cgt-armllvm_4.0.0.LTS/lib/armv6m-ti-none-eabi/c/</path>
         <kind>archive</kind>
         <file>libc.a</file>
         <name>args_main.c.obj</name>
      </input_file>
      <input_file id="fl-3e">
         <path>/home/andrew/ti/ccstheia151/ccs/tools/compiler/ti-cgt-armllvm_4.0.0.LTS/lib/armv6m-ti-none-eabi/c/</path>
         <kind>archive</kind>
         <file>libc.a</file>
         <name>atoi.c.obj</name>
      </input_file>
      <input_file id="fl-3f">
         <path>/home/andrew/ti/ccstheia151/ccs/tools/compiler/ti-cgt-armllvm_4.0.0.LTS/lib/armv6m-ti-none-eabi/c/</path>
         <kind>archive</kind>
         <file>libc.a</file>
         <name>memccpy.c.obj</name>
      </input_file>
      <input_file id="fl-40">
         <path>/home/andrew/ti/ccstheia151/ccs/tools/compiler/ti-cgt-armllvm_4.0.0.LTS/lib/armv6m-ti-none-eabi/c/</path>
         <kind>archive</kind>
         <file>libc.a</file>
         <name>autoinit.c.obj</name>
      </input_file>
      <input_file id="fl-41">
         <path>/home/andrew/ti/ccstheia151/ccs/tools/compiler/ti-cgt-armllvm_4.0.0.LTS/lib/armv6m-ti-none-eabi/c/</path>
         <kind>archive</kind>
         <file>libc.a</file>
         <name>pre_init.c.obj</name>
      </input_file>
      <input_file id="fl-42">
         <path>/home/andrew/ti/ccstheia151/ccs/tools/compiler/ti-cgt-armllvm_4.0.0.LTS/lib/armv6m-ti-none-eabi/c/</path>
         <kind>archive</kind>
         <file>libc.a</file>
         <name>cpy_tbl.c.obj</name>
      </input_file>
      <input_file id="fl-43">
         <path>/home/andrew/ti/ccstheia151/ccs/tools/compiler/ti-cgt-armllvm_4.0.0.LTS/lib/armv6m-ti-none-eabi/c/</path>
         <kind>archive</kind>
         <file>libc.a</file>
         <name>s_frexp.c.obj</name>
      </input_file>
      <input_file id="fl-44">
         <path>/home/andrew/ti/ccstheia151/ccs/tools/compiler/ti-cgt-armllvm_4.0.0.LTS/lib/armv6m-ti-none-eabi/c/</path>
         <kind>archive</kind>
         <file>libc.a</file>
         <name>s_scalbn.c.obj</name>
      </input_file>
      <input_file id="fl-45">
         <path>/home/andrew/ti/ccstheia151/ccs/tools/compiler/ti-cgt-armllvm_4.0.0.LTS/lib/armv6m-ti-none-eabi/c/</path>
         <kind>archive</kind>
         <file>libc.a</file>
         <name>wcslen.c.obj</name>
      </input_file>
      <input_file id="fl-46">
         <path>/home/andrew/ti/ccstheia151/ccs/tools/compiler/ti-cgt-armllvm_4.0.0.LTS/lib/armv6m-ti-none-eabi/c/</path>
         <kind>archive</kind>
         <file>libc.a</file>
         <name>fopen.c.obj</name>
      </input_file>
      <input_file id="fl-47">
         <path>/home/andrew/ti/ccstheia151/ccs/tools/compiler/ti-cgt-armllvm_4.0.0.LTS/lib/armv6m-ti-none-eabi/c/</path>
         <kind>archive</kind>
         <file>libc.a</file>
         <name>fseek.c.obj</name>
      </input_file>
      <input_file id="fl-48">
         <path>/home/andrew/ti/ccstheia151/ccs/tools/compiler/ti-cgt-armllvm_4.0.0.LTS/lib/armv6m-ti-none-eabi/c/</path>
         <kind>archive</kind>
         <file>libc.a</file>
         <name>aeabi_ctype.S.obj</name>
      </input_file>
      <input_file id="fl-49">
         <path>/home/andrew/ti/ccstheia151/ccs/tools/compiler/ti-cgt-armllvm_4.0.0.LTS/lib/armv6m-ti-none-eabi/c/</path>
         <kind>archive</kind>
         <file>libc.a</file>
         <name>fclose.c.obj</name>
      </input_file>
      <input_file id="fl-df">
         <path>/home/andrew/ti/ccstheia151/ccs/tools/compiler/ti-cgt-armllvm_4.0.0.LTS/lib/armv6m-ti-none-eabi/c/</path>
         <kind>archive</kind>
         <file>libsysbm.a</file>
         <name>write.c.obj</name>
      </input_file>
      <input_file id="fl-e0">
         <path>/home/andrew/ti/ccstheia151/ccs/tools/compiler/ti-cgt-armllvm_4.0.0.LTS/lib/armv6m-ti-none-eabi/c/</path>
         <kind>archive</kind>
         <file>libsysbm.a</file>
         <name>host_device.c.obj</name>
      </input_file>
      <input_file id="fl-e1">
         <path>/home/andrew/ti/ccstheia151/ccs/tools/compiler/ti-cgt-armllvm_4.0.0.LTS/lib/armv6m-ti-none-eabi/c/</path>
         <kind>archive</kind>
         <file>libsysbm.a</file>
         <name>remove.c.obj</name>
      </input_file>
      <input_file id="fl-e2">
         <path>/home/andrew/ti/ccstheia151/ccs/tools/compiler/ti-cgt-armllvm_4.0.0.LTS/lib/armv6m-ti-none-eabi/c/</path>
         <kind>archive</kind>
         <file>libsysbm.a</file>
         <name>open.c.obj</name>
      </input_file>
      <input_file id="fl-e3">
         <path>/home/andrew/ti/ccstheia151/ccs/tools/compiler/ti-cgt-armllvm_4.0.0.LTS/lib/armv6m-ti-none-eabi/c/</path>
         <kind>archive</kind>
         <file>libsysbm.a</file>
         <name>lseek.c.obj</name>
      </input_file>
      <input_file id="fl-e4">
         <path>/home/andrew/ti/ccstheia151/ccs/tools/compiler/ti-cgt-armllvm_4.0.0.LTS/lib/armv6m-ti-none-eabi/c/</path>
         <kind>archive</kind>
         <file>libsysbm.a</file>
         <name>close.c.obj</name>
      </input_file>
      <input_file id="fl-e5">
         <path>/home/andrew/ti/ccstheia151/ccs/tools/compiler/ti-cgt-armllvm_4.0.0.LTS/lib/armv6m-ti-none-eabi/c/</path>
         <kind>archive</kind>
         <file>libsysbm.a</file>
         <name>unlink.c.obj</name>
      </input_file>
      <input_file id="fl-e6">
         <path>/home/andrew/ti/ccstheia151/ccs/tools/compiler/ti-cgt-armllvm_4.0.0.LTS/lib/armv6m-ti-none-eabi/c/</path>
         <kind>archive</kind>
         <file>libsysbm.a</file>
         <name>hostclose.c.obj</name>
      </input_file>
      <input_file id="fl-e7">
         <path>/home/andrew/ti/ccstheia151/ccs/tools/compiler/ti-cgt-armllvm_4.0.0.LTS/lib/armv6m-ti-none-eabi/c/</path>
         <kind>archive</kind>
         <file>libsysbm.a</file>
         <name>hostlseek.c.obj</name>
      </input_file>
      <input_file id="fl-e8">
         <path>/home/andrew/ti/ccstheia151/ccs/tools/compiler/ti-cgt-armllvm_4.0.0.LTS/lib/armv6m-ti-none-eabi/c/</path>
         <kind>archive</kind>
         <file>libsysbm.a</file>
         <name>hostopen.c.obj</name>
      </input_file>
      <input_file id="fl-e9">
         <path>/home/andrew/ti/ccstheia151/ccs/tools/compiler/ti-cgt-armllvm_4.0.0.LTS/lib/armv6m-ti-none-eabi/c/</path>
         <kind>archive</kind>
         <file>libsysbm.a</file>
         <name>hostread.c.obj</name>
      </input_file>
      <input_file id="fl-ea">
         <path>/home/andrew/ti/ccstheia151/ccs/tools/compiler/ti-cgt-armllvm_4.0.0.LTS/lib/armv6m-ti-none-eabi/c/</path>
         <kind>archive</kind>
         <file>libsysbm.a</file>
         <name>hostrename.c.obj</name>
      </input_file>
      <input_file id="fl-eb">
         <path>/home/andrew/ti/ccstheia151/ccs/tools/compiler/ti-cgt-armllvm_4.0.0.LTS/lib/armv6m-ti-none-eabi/c/</path>
         <kind>archive</kind>
         <file>libsysbm.a</file>
         <name>hostunlink.c.obj</name>
      </input_file>
      <input_file id="fl-ec">
         <path>/home/andrew/ti/ccstheia151/ccs/tools/compiler/ti-cgt-armllvm_4.0.0.LTS/lib/armv6m-ti-none-eabi/c/</path>
         <kind>archive</kind>
         <file>libsysbm.a</file>
         <name>hostwrite.c.obj</name>
      </input_file>
      <input_file id="fl-ed">
         <path>/home/andrew/ti/ccstheia151/ccs/tools/compiler/ti-cgt-armllvm_4.0.0.LTS/lib/armv6m-ti-none-eabi/c/</path>
         <kind>archive</kind>
         <file>libsysbm.a</file>
         <name>trgmsg.c.obj</name>
      </input_file>
      <input_file id="fl-ee">
         <path>/home/andrew/ti/ccstheia151/ccs/tools/compiler/ti-cgt-armllvm_4.0.0.LTS/lib/armv6m-ti-none-eabi/</path>
         <kind>archive</kind>
         <file>libclang_rt.builtins.a</file>
         <name>addsf3.S.obj</name>
      </input_file>
      <input_file id="fl-ef">
         <path>/home/andrew/ti/ccstheia151/ccs/tools/compiler/ti-cgt-armllvm_4.0.0.LTS/lib/armv6m-ti-none-eabi/</path>
         <kind>archive</kind>
         <file>libclang_rt.builtins.a</file>
         <name>adddf3.S.obj</name>
      </input_file>
      <input_file id="fl-f0">
         <path>/home/andrew/ti/ccstheia151/ccs/tools/compiler/ti-cgt-armllvm_4.0.0.LTS/lib/armv6m-ti-none-eabi/</path>
         <kind>archive</kind>
         <file>libclang_rt.builtins.a</file>
         <name>muldf3.S.obj</name>
      </input_file>
      <input_file id="fl-f1">
         <path>/home/andrew/ti/ccstheia151/ccs/tools/compiler/ti-cgt-armllvm_4.0.0.LTS/lib/armv6m-ti-none-eabi/</path>
         <kind>archive</kind>
         <file>libclang_rt.builtins.a</file>
         <name>muldsi3.S.obj</name>
      </input_file>
      <input_file id="fl-f2">
         <path>/home/andrew/ti/ccstheia151/ccs/tools/compiler/ti-cgt-armllvm_4.0.0.LTS/lib/armv6m-ti-none-eabi/</path>
         <kind>archive</kind>
         <file>libclang_rt.builtins.a</file>
         <name>mulsf3.S.obj</name>
      </input_file>
      <input_file id="fl-f3">
         <path>/home/andrew/ti/ccstheia151/ccs/tools/compiler/ti-cgt-armllvm_4.0.0.LTS/lib/armv6m-ti-none-eabi/</path>
         <kind>archive</kind>
         <file>libclang_rt.builtins.a</file>
         <name>divsf3.S.obj</name>
      </input_file>
      <input_file id="fl-f4">
         <path>/home/andrew/ti/ccstheia151/ccs/tools/compiler/ti-cgt-armllvm_4.0.0.LTS/lib/armv6m-ti-none-eabi/</path>
         <kind>archive</kind>
         <file>libclang_rt.builtins.a</file>
         <name>divdf3.S.obj</name>
      </input_file>
      <input_file id="fl-f5">
         <path>/home/andrew/ti/ccstheia151/ccs/tools/compiler/ti-cgt-armllvm_4.0.0.LTS/lib/armv6m-ti-none-eabi/</path>
         <kind>archive</kind>
         <file>libclang_rt.builtins.a</file>
         <name>extendsfdf2.S.obj</name>
      </input_file>
      <input_file id="fl-f6">
         <path>/home/andrew/ti/ccstheia151/ccs/tools/compiler/ti-cgt-armllvm_4.0.0.LTS/lib/armv6m-ti-none-eabi/</path>
         <kind>archive</kind>
         <file>libclang_rt.builtins.a</file>
         <name>fixdfsi.S.obj</name>
      </input_file>
      <input_file id="fl-f7">
         <path>/home/andrew/ti/ccstheia151/ccs/tools/compiler/ti-cgt-armllvm_4.0.0.LTS/lib/armv6m-ti-none-eabi/</path>
         <kind>archive</kind>
         <file>libclang_rt.builtins.a</file>
         <name>fixunsdfsi.S.obj</name>
      </input_file>
      <input_file id="fl-f8">
         <path>/home/andrew/ti/ccstheia151/ccs/tools/compiler/ti-cgt-armllvm_4.0.0.LTS/lib/armv6m-ti-none-eabi/</path>
         <kind>archive</kind>
         <file>libclang_rt.builtins.a</file>
         <name>floatsidf.S.obj</name>
      </input_file>
      <input_file id="fl-f9">
         <path>/home/andrew/ti/ccstheia151/ccs/tools/compiler/ti-cgt-armllvm_4.0.0.LTS/lib/armv6m-ti-none-eabi/</path>
         <kind>archive</kind>
         <file>libclang_rt.builtins.a</file>
         <name>floatsisf.S.obj</name>
      </input_file>
      <input_file id="fl-fa">
         <path>/home/andrew/ti/ccstheia151/ccs/tools/compiler/ti-cgt-armllvm_4.0.0.LTS/lib/armv6m-ti-none-eabi/</path>
         <kind>archive</kind>
         <file>libclang_rt.builtins.a</file>
         <name>floatunsidf.S.obj</name>
      </input_file>
      <input_file id="fl-fb">
         <path>/home/andrew/ti/ccstheia151/ccs/tools/compiler/ti-cgt-armllvm_4.0.0.LTS/lib/armv6m-ti-none-eabi/</path>
         <kind>archive</kind>
         <file>libclang_rt.builtins.a</file>
         <name>muldi3.S.obj</name>
      </input_file>
      <input_file id="fl-fc">
         <path>/home/andrew/ti/ccstheia151/ccs/tools/compiler/ti-cgt-armllvm_4.0.0.LTS/lib/armv6m-ti-none-eabi/</path>
         <kind>archive</kind>
         <file>libclang_rt.builtins.a</file>
         <name>truncdfsf2.S.obj</name>
      </input_file>
      <input_file id="fl-fd">
         <path>/home/andrew/ti/ccstheia151/ccs/tools/compiler/ti-cgt-armllvm_4.0.0.LTS/lib/armv6m-ti-none-eabi/</path>
         <kind>archive</kind>
         <file>libclang_rt.builtins.a</file>
         <name>aeabi_dcmp.S.obj</name>
      </input_file>
      <input_file id="fl-fe">
         <path>/home/andrew/ti/ccstheia151/ccs/tools/compiler/ti-cgt-armllvm_4.0.0.LTS/lib/armv6m-ti-none-eabi/</path>
         <kind>archive</kind>
         <file>libclang_rt.builtins.a</file>
         <name>aeabi_fcmp.S.obj</name>
      </input_file>
      <input_file id="fl-ff">
         <path>/home/andrew/ti/ccstheia151/ccs/tools/compiler/ti-cgt-armllvm_4.0.0.LTS/lib/armv6m-ti-none-eabi/</path>
         <kind>archive</kind>
         <file>libclang_rt.builtins.a</file>
         <name>aeabi_idivmod.S.obj</name>
      </input_file>
      <input_file id="fl-100">
         <path>/home/andrew/ti/ccstheia151/ccs/tools/compiler/ti-cgt-armllvm_4.0.0.LTS/lib/armv6m-ti-none-eabi/</path>
         <kind>archive</kind>
         <file>libclang_rt.builtins.a</file>
         <name>aeabi_memcpy.S.obj</name>
      </input_file>
      <input_file id="fl-101">
         <path>/home/andrew/ti/ccstheia151/ccs/tools/compiler/ti-cgt-armllvm_4.0.0.LTS/lib/armv6m-ti-none-eabi/</path>
         <kind>archive</kind>
         <file>libclang_rt.builtins.a</file>
         <name>aeabi_memset.S.obj</name>
      </input_file>
      <input_file id="fl-102">
         <path>/home/andrew/ti/ccstheia151/ccs/tools/compiler/ti-cgt-armllvm_4.0.0.LTS/lib/armv6m-ti-none-eabi/</path>
         <kind>archive</kind>
         <file>libclang_rt.builtins.a</file>
         <name>aeabi_uidivmod.S.obj</name>
      </input_file>
      <input_file id="fl-103">
         <path>/home/andrew/ti/ccstheia151/ccs/tools/compiler/ti-cgt-armllvm_4.0.0.LTS/lib/armv6m-ti-none-eabi/</path>
         <kind>archive</kind>
         <file>libclang_rt.builtins.a</file>
         <name>aeabi_uldivmod.S.obj</name>
      </input_file>
      <input_file id="fl-104">
         <path>/home/andrew/ti/ccstheia151/ccs/tools/compiler/ti-cgt-armllvm_4.0.0.LTS/lib/armv6m-ti-none-eabi/</path>
         <kind>archive</kind>
         <file>libclang_rt.builtins.a</file>
         <name>comparesf2.S.obj</name>
      </input_file>
      <input_file id="fl-105">
         <path>/home/andrew/ti/ccstheia151/ccs/tools/compiler/ti-cgt-armllvm_4.0.0.LTS/lib/armv6m-ti-none-eabi/</path>
         <kind>archive</kind>
         <file>libclang_rt.builtins.a</file>
         <name>udivmoddi4.S.obj</name>
      </input_file>
      <input_file id="fl-106">
         <path>/home/andrew/ti/ccstheia151/ccs/tools/compiler/ti-cgt-armllvm_4.0.0.LTS/lib/armv6m-ti-none-eabi/</path>
         <kind>archive</kind>
         <file>libclang_rt.builtins.a</file>
         <name>ashldi3.S.obj</name>
      </input_file>
      <input_file id="fl-107">
         <path>/home/andrew/ti/ccstheia151/ccs/tools/compiler/ti-cgt-armllvm_4.0.0.LTS/lib/armv6m-ti-none-eabi/</path>
         <kind>archive</kind>
         <file>libclang_rt.builtins.a</file>
         <name>comparedf2.c.obj</name>
      </input_file>
      <input_file id="fl-108">
         <path>/home/andrew/ti/ccstheia151/ccs/tools/compiler/ti-cgt-armllvm_4.0.0.LTS/lib/armv6m-ti-none-eabi/</path>
         <kind>archive</kind>
         <file>libclang_rt.builtins.a</file>
         <name>aeabi_div0.c.obj</name>
      </input_file>
      <input_file id="fl-109">
         <path>/home/andrew/ti/ccstheia151/ccs/tools/compiler/ti-cgt-armllvm_4.0.0.LTS/lib/armv6m-ti-none-eabi/c/</path>
         <kind>archive</kind>
         <file>libc.a</file>
         <name>getdevice.c.obj</name>
      </input_file>
      <input_file id="fl-10a">
         <path>/home/andrew/ti/ccstheia151/ccs/tools/compiler/ti-cgt-armllvm_4.0.0.LTS/lib/armv6m-ti-none-eabi/c/</path>
         <kind>archive</kind>
         <file>libc.a</file>
         <name>memcpy16.S.obj</name>
      </input_file>
      <input_file id="fl-10b">
         <path>/home/andrew/ti/ccstheia151/ccs/tools/compiler/ti-cgt-armllvm_4.0.0.LTS/lib/armv6m-ti-none-eabi/c/</path>
         <kind>archive</kind>
         <file>libc.a</file>
         <name>memset16.S.obj</name>
      </input_file>
      <input_file id="fl-10c">
         <path>/home/andrew/ti/ccstheia151/ccs/tools/compiler/ti-cgt-armllvm_4.0.0.LTS/lib/armv6m-ti-none-eabi/c/</path>
         <kind>archive</kind>
         <file>libc.a</file>
         <name>strcmp-armv6m.S.obj</name>
      </input_file>
   </input_file_list>
   <object_component_list>
      <object_component id="oc-18">
         <name>.intvecs</name>
         <load_address>0x0</load_address>
         <readonly>true</readonly>
         <run_address>0x0</run_address>
         <size>0xc0</size>
         <alignment>0x4</alignment>
         <input_file_ref idref="fl-8"/>
      </object_component>
      <object_component id="oc-119">
         <name>.text:__TI_printfi</name>
         <load_address>0xc0</load_address>
         <readonly>true</readonly>
         <executable>true</executable>
         <run_address>0xc0</run_address>
         <size>0x9d0</size>
         <alignment>0x4</alignment>
         <input_file_ref idref="fl-35"/>
      </object_component>
      <object_component id="oc-6b">
         <name>.text.main</name>
         <load_address>0xa90</load_address>
         <readonly>true</readonly>
         <executable>true</executable>
         <run_address>0xa90</run_address>
         <size>0x35c</size>
         <alignment>0x4</alignment>
         <input_file_ref idref="fl-4"/>
      </object_component>
      <object_component id="oc-139">
         <name>.text._pconv_a</name>
         <load_address>0xdec</load_address>
         <readonly>true</readonly>
         <executable>true</executable>
         <run_address>0xdec</run_address>
         <size>0x220</size>
         <alignment>0x4</alignment>
         <input_file_ref idref="fl-35"/>
      </object_component>
      <object_component id="oc-13e">
         <name>.text._pconv_g</name>
         <load_address>0x100c</load_address>
         <readonly>true</readonly>
         <executable>true</executable>
         <run_address>0x100c</run_address>
         <size>0x1dc</size>
         <alignment>0x4</alignment>
         <input_file_ref idref="fl-35"/>
      </object_component>
      <object_component id="oc-da">
         <name>.text.adddf3_subdf3</name>
         <load_address>0x11e8</load_address>
         <readonly>true</readonly>
         <executable>true</executable>
         <run_address>0x11e8</run_address>
         <size>0x192</size>
         <alignment>0x4</alignment>
         <input_file_ref idref="fl-ef"/>
      </object_component>
      <object_component id="oc-f8">
         <name>.text.__aeabi_idiv0</name>
         <load_address>0x137a</load_address>
         <readonly>true</readonly>
         <executable>true</executable>
         <run_address>0x137a</run_address>
         <size>0x2</size>
         <alignment>0x2</alignment>
         <input_file_ref idref="fl-108"/>
      </object_component>
      <object_component id="oc-84">
         <name>.text.clock_init_40mhz</name>
         <load_address>0x137c</load_address>
         <readonly>true</readonly>
         <executable>true</executable>
         <run_address>0x137c</run_address>
         <size>0x168</size>
         <alignment>0x4</alignment>
         <input_file_ref idref="fl-3"/>
      </object_component>
      <object_component id="oc-182">
         <name>.text.fcvt</name>
         <load_address>0x14e4</load_address>
         <readonly>true</readonly>
         <executable>true</executable>
         <run_address>0x14e4</run_address>
         <size>0x13c</size>
         <alignment>0x4</alignment>
         <input_file_ref idref="fl-35"/>
      </object_component>
      <object_component id="oc-140">
         <name>.text._pconv_e</name>
         <load_address>0x1620</load_address>
         <readonly>true</readonly>
         <executable>true</executable>
         <run_address>0x1620</run_address>
         <size>0x120</size>
         <alignment>0x4</alignment>
         <input_file_ref idref="fl-35"/>
      </object_component>
      <object_component id="oc-17e">
         <name>.text.__divdf3</name>
         <load_address>0x1740</load_address>
         <readonly>true</readonly>
         <executable>true</executable>
         <run_address>0x1740</run_address>
         <size>0x10c</size>
         <alignment>0x4</alignment>
         <input_file_ref idref="fl-f4"/>
      </object_component>
      <object_component id="oc-16e">
         <name>.text.__muldf3</name>
         <load_address>0x184c</load_address>
         <readonly>true</readonly>
         <executable>true</executable>
         <run_address>0x184c</run_address>
         <size>0xe4</size>
         <alignment>0x4</alignment>
         <input_file_ref idref="fl-f0"/>
      </object_component>
      <object_component id="oc-15d">
         <name>.text.scalbn</name>
         <load_address>0x1930</load_address>
         <readonly>true</readonly>
         <executable>true</executable>
         <run_address>0x1930</run_address>
         <size>0xd8</size>
         <alignment>0x4</alignment>
         <input_file_ref idref="fl-44"/>
      </object_component>
      <object_component id="oc-89">
         <name>.text.UART_init</name>
         <load_address>0x1a08</load_address>
         <readonly>true</readonly>
         <executable>true</executable>
         <run_address>0x1a08</run_address>
         <size>0xd4</size>
         <alignment>0x4</alignment>
         <input_file_ref idref="fl-7"/>
      </object_component>
      <object_component id="oc-154">
         <name>.text</name>
         <load_address>0x1adc</load_address>
         <readonly>true</readonly>
         <executable>true</executable>
         <run_address>0x1adc</run_address>
         <size>0xa2</size>
         <alignment>0x4</alignment>
         <input_file_ref idref="fl-105"/>
      </object_component>
      <object_component id="oc-185">
         <name>.text.__aeabi_ldiv0</name>
         <load_address>0x1b7e</load_address>
         <readonly>true</readonly>
         <executable>true</executable>
         <run_address>0x1b7e</run_address>
         <size>0x2</size>
         <alignment>0x2</alignment>
         <input_file_ref idref="fl-108"/>
      </object_component>
      <object_component id="oc-1c">
         <name>.text:decompress:lzss</name>
         <load_address>0x1b80</load_address>
         <readonly>true</readonly>
         <executable>true</executable>
         <run_address>0x1b80</run_address>
         <size>0x7c</size>
         <alignment>0x4</alignment>
         <input_file_ref idref="fl-32"/>
      </object_component>
      <object_component id="oc-17c">
         <name>.text.__gedf2</name>
         <load_address>0x1bfc</load_address>
         <readonly>true</readonly>
         <executable>true</executable>
         <run_address>0x1bfc</run_address>
         <size>0x74</size>
         <alignment>0x4</alignment>
         <input_file_ref idref="fl-107"/>
      </object_component>
      <object_component id="oc-176">
         <name>.text.__ledf2</name>
         <load_address>0x1c70</load_address>
         <readonly>true</readonly>
         <executable>true</executable>
         <run_address>0x1c70</run_address>
         <size>0x68</size>
         <alignment>0x4</alignment>
         <input_file_ref idref="fl-107"/>
      </object_component>
      <object_component id="oc-175">
         <name>.text._mcpy</name>
         <load_address>0x1cd8</load_address>
         <readonly>true</readonly>
         <executable>true</executable>
         <run_address>0x1cd8</run_address>
         <size>0x66</size>
         <alignment>0x2</alignment>
         <input_file_ref idref="fl-35"/>
      </object_component>
      <object_component id="oc-13a">
         <name>.text.__aeabi_dcmp</name>
         <load_address>0x1d40</load_address>
         <readonly>true</readonly>
         <executable>true</executable>
         <run_address>0x1d40</run_address>
         <size>0x62</size>
         <alignment>0x4</alignment>
         <input_file_ref idref="fl-fd"/>
      </object_component>
      <object_component id="oc-159">
         <name>.text.frexp</name>
         <load_address>0x1da4</load_address>
         <readonly>true</readonly>
         <executable>true</executable>
         <run_address>0x1da4</run_address>
         <size>0x5c</size>
         <alignment>0x4</alignment>
         <input_file_ref idref="fl-43"/>
      </object_component>
      <object_component id="oc-165">
         <name>.text.__TI_ltoa</name>
         <load_address>0x1e00</load_address>
         <readonly>true</readonly>
         <executable>true</executable>
         <run_address>0x1e00</run_address>
         <size>0x58</size>
         <alignment>0x2</alignment>
         <input_file_ref idref="fl-3c"/>
      </object_component>
      <object_component id="oc-13f">
         <name>.text._pconv_f</name>
         <load_address>0x1e58</load_address>
         <readonly>true</readonly>
         <executable>true</executable>
         <run_address>0x1e58</run_address>
         <size>0x58</size>
         <alignment>0x2</alignment>
         <input_file_ref idref="fl-35"/>
      </object_component>
      <object_component id="oc-192">
         <name>.text.__aeabi_idivmod</name>
         <load_address>0x1eb0</load_address>
         <readonly>true</readonly>
         <executable>true</executable>
         <run_address>0x1eb0</run_address>
         <size>0x56</size>
         <alignment>0x4</alignment>
         <input_file_ref idref="fl-ff"/>
      </object_component>
      <object_component id="oc-173">
         <name>.text._ecpy</name>
         <load_address>0x1f06</load_address>
         <readonly>true</readonly>
         <executable>true</executable>
         <run_address>0x1f06</run_address>
         <size>0x52</size>
         <alignment>0x2</alignment>
         <input_file_ref idref="fl-35"/>
      </object_component>
      <object_component id="oc-161">
         <name>.text.__fixdfsi</name>
         <load_address>0x1f58</load_address>
         <readonly>true</readonly>
         <executable>true</executable>
         <run_address>0x1f58</run_address>
         <size>0x4a</size>
         <alignment>0x4</alignment>
         <input_file_ref idref="fl-f6"/>
      </object_component>
      <object_component id="oc-8e">
         <name>.text.msp_printf</name>
         <load_address>0x1fa2</load_address>
         <readonly>true</readonly>
         <executable>true</executable>
         <run_address>0x1fa2</run_address>
         <size>0x46</size>
         <alignment>0x2</alignment>
         <input_file_ref idref="fl-4"/>
      </object_component>
      <object_component id="oc-de">
         <name>.text.__fixunsdfsi</name>
         <load_address>0x1fe8</load_address>
         <readonly>true</readonly>
         <executable>true</executable>
         <run_address>0x1fe8</run_address>
         <size>0x42</size>
         <alignment>0x4</alignment>
         <input_file_ref idref="fl-f7"/>
      </object_component>
      <object_component id="oc-d2">
         <name>.text.__aeabi_uidivmod</name>
         <load_address>0x202c</load_address>
         <readonly>true</readonly>
         <executable>true</executable>
         <run_address>0x202c</run_address>
         <size>0x40</size>
         <alignment>0x4</alignment>
         <input_file_ref idref="fl-102"/>
      </object_component>
      <object_component id="oc-123">
         <name>.text.atoi</name>
         <load_address>0x206c</load_address>
         <readonly>true</readonly>
         <executable>true</executable>
         <run_address>0x206c</run_address>
         <size>0x40</size>
         <alignment>0x4</alignment>
         <input_file_ref idref="fl-3e"/>
      </object_component>
      <object_component id="oc-b4">
         <name>.text:__TI_auto_init_nobinit_nopinit</name>
         <load_address>0x20ac</load_address>
         <readonly>true</readonly>
         <executable>true</executable>
         <run_address>0x20ac</run_address>
         <size>0x3c</size>
         <alignment>0x4</alignment>
         <input_file_ref idref="fl-40"/>
      </object_component>
      <object_component id="oc-14f">
         <name>.text.__muldsi3</name>
         <load_address>0x20e8</load_address>
         <readonly>true</readonly>
         <executable>true</executable>
         <run_address>0x20e8</run_address>
         <size>0x3a</size>
         <alignment>0x4</alignment>
         <input_file_ref idref="fl-f1"/>
      </object_component>
      <object_component id="oc-e4">
         <name>.text.sprintf</name>
         <load_address>0x2124</load_address>
         <readonly>true</readonly>
         <executable>true</executable>
         <run_address>0x2124</run_address>
         <size>0x38</size>
         <alignment>0x4</alignment>
         <input_file_ref idref="fl-2b"/>
      </object_component>
      <object_component id="oc-174">
         <name>.text._fcpy</name>
         <load_address>0x215c</load_address>
         <readonly>true</readonly>
         <executable>true</executable>
         <run_address>0x215c</run_address>
         <size>0x30</size>
         <alignment>0x2</alignment>
         <input_file_ref idref="fl-35"/>
      </object_component>
      <object_component id="oc-ea">
         <name>.text.UART_out_char</name>
         <load_address>0x218c</load_address>
         <readonly>true</readonly>
         <executable>true</executable>
         <run_address>0x218c</run_address>
         <size>0x2c</size>
         <alignment>0x4</alignment>
         <input_file_ref idref="fl-7"/>
      </object_component>
      <object_component id="oc-169">
         <name>.text.__floatsidf</name>
         <load_address>0x21b8</load_address>
         <readonly>true</readonly>
         <executable>true</executable>
         <run_address>0x21b8</run_address>
         <size>0x2c</size>
         <alignment>0x4</alignment>
         <input_file_ref idref="fl-f8"/>
      </object_component>
      <object_component id="oc-52">
         <name>.text:_c_int00_noargs</name>
         <load_address>0x21e4</load_address>
         <readonly>true</readonly>
         <executable>true</executable>
         <run_address>0x21e4</run_address>
         <size>0x28</size>
         <alignment>0x4</alignment>
         <input_file_ref idref="fl-33"/>
      </object_component>
      <object_component id="oc-d6">
         <name>.text.__floatunsidf</name>
         <load_address>0x220c</load_address>
         <readonly>true</readonly>
         <executable>true</executable>
         <run_address>0x220c</run_address>
         <size>0x24</size>
         <alignment>0x4</alignment>
         <input_file_ref idref="fl-fa"/>
      </object_component>
      <object_component id="oc-130">
         <name>.text.__muldi3</name>
         <load_address>0x2230</load_address>
         <readonly>true</readonly>
         <executable>true</executable>
         <run_address>0x2230</run_address>
         <size>0x24</size>
         <alignment>0x4</alignment>
         <input_file_ref idref="fl-fb"/>
      </object_component>
      <object_component id="oc-11c">
         <name>.text.memccpy</name>
         <load_address>0x2254</load_address>
         <readonly>true</readonly>
         <executable>true</executable>
         <run_address>0x2254</run_address>
         <size>0x22</size>
         <alignment>0x2</alignment>
         <input_file_ref idref="fl-3f"/>
      </object_component>
      <object_component id="oc-186">
         <name>.text.__ashldi3</name>
         <load_address>0x2278</load_address>
         <readonly>true</readonly>
         <executable>true</executable>
         <run_address>0x2278</run_address>
         <size>0x1e</size>
         <alignment>0x4</alignment>
         <input_file_ref idref="fl-106"/>
      </object_component>
      <object_component id="oc-90">
         <name>.text.check_bit</name>
         <load_address>0x2296</load_address>
         <readonly>true</readonly>
         <executable>true</executable>
         <run_address>0x2296</run_address>
         <size>0x1c</size>
         <alignment>0x2</alignment>
         <input_file_ref idref="fl-4"/>
      </object_component>
      <object_component id="oc-102">
         <name>.text._outs</name>
         <load_address>0x22b2</load_address>
         <readonly>true</readonly>
         <executable>true</executable>
         <run_address>0x22b2</run_address>
         <size>0x18</size>
         <alignment>0x2</alignment>
         <input_file_ref idref="fl-2b"/>
      </object_component>
      <object_component id="oc-91">
         <name>.text.clear_bit</name>
         <load_address>0x22ca</load_address>
         <readonly>true</readonly>
         <executable>true</executable>
         <run_address>0x22ca</run_address>
         <size>0x18</size>
         <alignment>0x2</alignment>
         <input_file_ref idref="fl-4"/>
      </object_component>
      <object_component id="oc-8f">
         <name>.text.set_bit</name>
         <load_address>0x22e2</load_address>
         <readonly>true</readonly>
         <executable>true</executable>
         <run_address>0x22e2</run_address>
         <size>0x18</size>
         <alignment>0x2</alignment>
         <input_file_ref idref="fl-4"/>
      </object_component>
      <object_component id="oc-135">
         <name>.text.__aeabi_uldivmod</name>
         <load_address>0x22fc</load_address>
         <readonly>true</readonly>
         <executable>true</executable>
         <run_address>0x22fc</run_address>
         <size>0x14</size>
         <alignment>0x4</alignment>
         <input_file_ref idref="fl-103"/>
      </object_component>
      <object_component id="oc-172">
         <name>.text.strchr</name>
         <load_address>0x2310</load_address>
         <readonly>true</readonly>
         <executable>true</executable>
         <run_address>0x2310</run_address>
         <size>0x14</size>
         <alignment>0x2</alignment>
         <input_file_ref idref="fl-35"/>
      </object_component>
      <object_component id="oc-7a">
         <name>.text:TI_memcpy_small</name>
         <load_address>0x2324</load_address>
         <readonly>true</readonly>
         <executable>true</executable>
         <run_address>0x2324</run_address>
         <size>0x12</size>
         <alignment>0x1</alignment>
         <input_file_ref idref="fl-10a"/>
      </object_component>
      <object_component id="oc-20">
         <name>.text:decompress:none</name>
         <load_address>0x2336</load_address>
         <readonly>true</readonly>
         <executable>true</executable>
         <run_address>0x2336</run_address>
         <size>0x12</size>
         <alignment>0x2</alignment>
         <input_file_ref idref="fl-31"/>
      </object_component>
      <object_component id="oc-d0">
         <name>.text.clock_delay</name>
         <load_address>0x2348</load_address>
         <readonly>true</readonly>
         <executable>true</executable>
         <run_address>0x2348</run_address>
         <size>0x10</size>
         <alignment>0x2</alignment>
         <input_file_ref idref="fl-3"/>
      </object_component>
      <object_component id="oc-127">
         <name>.text.wcslen</name>
         <load_address>0x2358</load_address>
         <readonly>true</readonly>
         <executable>true</executable>
         <run_address>0x2358</run_address>
         <size>0x10</size>
         <alignment>0x2</alignment>
         <input_file_ref idref="fl-45"/>
      </object_component>
      <object_component id="oc-11b">
         <name>.text.__aeabi_memset</name>
         <load_address>0x2368</load_address>
         <readonly>true</readonly>
         <executable>true</executable>
         <run_address>0x2368</run_address>
         <size>0xe</size>
         <alignment>0x4</alignment>
         <input_file_ref idref="fl-101"/>
      </object_component>
      <object_component id="oc-11a">
         <name>.text.strlen</name>
         <load_address>0x2376</load_address>
         <readonly>true</readonly>
         <executable>true</executable>
         <run_address>0x2376</run_address>
         <size>0xe</size>
         <alignment>0x2</alignment>
         <input_file_ref idref="fl-35"/>
      </object_component>
      <object_component id="oc-c7">
         <name>.text:TI_memset_small</name>
         <load_address>0x2384</load_address>
         <readonly>true</readonly>
         <executable>true</executable>
         <run_address>0x2384</run_address>
         <size>0xe</size>
         <alignment>0x1</alignment>
         <input_file_ref idref="fl-10b"/>
      </object_component>
      <object_component id="oc-d1">
         <name>.text.get_bus_clock_freq</name>
         <load_address>0x2394</load_address>
         <readonly>true</readonly>
         <executable>true</executable>
         <run_address>0x2394</run_address>
         <size>0xc</size>
         <alignment>0x4</alignment>
         <input_file_ref idref="fl-3"/>
      </object_component>
      <object_component id="oc-16d">
         <name>.text.OUTLINED_FUNCTION_0</name>
         <load_address>0x23a0</load_address>
         <readonly>true</readonly>
         <executable>true</executable>
         <run_address>0x23a0</run_address>
         <size>0xa</size>
         <alignment>0x2</alignment>
         <input_file_ref idref="fl-35"/>
      </object_component>
      <object_component id="oc-1e7">
         <name>.tramp.__aeabi_dsub.1</name>
         <load_address>0x23ac</load_address>
         <readonly>true</readonly>
         <executable>true</executable>
         <run_address>0x23ac</run_address>
         <size>0x10</size>
         <alignment>0x4</alignment>
         <input_file_ref idref="fl-ef"/>
      </object_component>
      <object_component id="oc-183">
         <name>.text.OUTLINED_FUNCTION_1</name>
         <load_address>0x23bc</load_address>
         <readonly>true</readonly>
         <executable>true</executable>
         <run_address>0x23bc</run_address>
         <size>0xa</size>
         <alignment>0x2</alignment>
         <input_file_ref idref="fl-35"/>
      </object_component>
      <object_component id="oc-103">
         <name>.text._outc</name>
         <load_address>0x23c6</load_address>
         <readonly>true</readonly>
         <executable>true</executable>
         <run_address>0x23c6</run_address>
         <size>0xa</size>
         <alignment>0x2</alignment>
         <input_file_ref idref="fl-2b"/>
      </object_component>
      <object_component id="oc-12b">
         <name>.text.__aeabi_errno_addr</name>
         <load_address>0x23d0</load_address>
         <readonly>true</readonly>
         <executable>true</executable>
         <run_address>0x23d0</run_address>
         <size>0x8</size>
         <alignment>0x4</alignment>
         <input_file_ref idref="fl-2c"/>
      </object_component>
      <object_component id="oc-42">
         <name>.text.__aeabi_memcpy</name>
         <load_address>0x23d8</load_address>
         <readonly>true</readonly>
         <executable>true</executable>
         <run_address>0x23d8</run_address>
         <size>0x8</size>
         <alignment>0x4</alignment>
         <input_file_ref idref="fl-100"/>
      </object_component>
      <object_component id="oc-35">
         <name>.text.Default_Handler</name>
         <load_address>0x23e0</load_address>
         <readonly>true</readonly>
         <executable>true</executable>
         <run_address>0x23e0</run_address>
         <size>0x4</size>
         <alignment>0x2</alignment>
         <input_file_ref idref="fl-8"/>
      </object_component>
      <object_component id="oc-36">
         <name>.text.HardFault_Handler</name>
         <load_address>0x23e4</load_address>
         <readonly>true</readonly>
         <executable>true</executable>
         <run_address>0x23e4</run_address>
         <size>0x4</size>
         <alignment>0x2</alignment>
         <input_file_ref idref="fl-8"/>
      </object_component>
      <object_component id="oc-31">
         <name>.text.Reset_Handler</name>
         <load_address>0x23e8</load_address>
         <readonly>true</readonly>
         <executable>true</executable>
         <run_address>0x23e8</run_address>
         <size>0x4</size>
         <alignment>0x2</alignment>
         <input_file_ref idref="fl-8"/>
      </object_component>
      <object_component id="oc-67">
         <name>.text._system_pre_init</name>
         <load_address>0x23ec</load_address>
         <readonly>true</readonly>
         <executable>true</executable>
         <run_address>0x23ec</run_address>
         <size>0x4</size>
         <alignment>0x2</alignment>
         <input_file_ref idref="fl-41"/>
      </object_component>
      <object_component id="oc-ad">
         <name>.text:abort</name>
         <load_address>0x23f0</load_address>
         <readonly>true</readonly>
         <executable>true</executable>
         <run_address>0x23f0</run_address>
         <size>0x4</size>
         <alignment>0x2</alignment>
         <input_file_ref idref="fl-3a"/>
      </object_component>
      <object_component id="oc-1e3">
         <name>.cinit..data.load</name>
         <load_address>0x2810</load_address>
         <readonly>true</readonly>
         <run_address>0x2810</run_address>
         <size>0xc</size>
         <alignment>0x1</alignment>
      </object_component>
      <object_component id="oc-1e1">
         <name>__TI_handler_table</name>
         <load_address>0x281c</load_address>
         <readonly>true</readonly>
         <run_address>0x281c</run_address>
         <size>0x8</size>
         <alignment>0x4</alignment>
      </object_component>
      <object_component id="oc-1e2">
         <name>__TI_cinit_table</name>
         <load_address>0x2824</load_address>
         <readonly>true</readonly>
         <run_address>0x2824</run_address>
         <size>0x8</size>
         <alignment>0x4</alignment>
      </object_component>
      <object_component id="oc-144">
         <name>.rodata:__aeabi_ctype_table_</name>
         <load_address>0x2400</load_address>
         <readonly>true</readonly>
         <run_address>0x2400</run_address>
         <size>0x101</size>
         <alignment>0x10</alignment>
         <input_file_ref idref="fl-48"/>
      </object_component>
      <object_component id="oc-94">
         <name>.rodata.str1.83677084380908514471</name>
         <load_address>0x2501</load_address>
         <readonly>true</readonly>
         <run_address>0x2501</run_address>
         <size>0x3b</size>
         <alignment>0x1</alignment>
         <input_file_ref idref="fl-4"/>
      </object_component>
      <object_component id="oc-a6">
         <name>.rodata.str1.152235439854506392771</name>
         <load_address>0x253c</load_address>
         <readonly>true</readonly>
         <run_address>0x253c</run_address>
         <size>0x30</size>
         <alignment>0x1</alignment>
         <input_file_ref idref="fl-4"/>
      </object_component>
      <object_component id="oc-a2">
         <name>.rodata.str1.145442029266237197331</name>
         <load_address>0x256c</load_address>
         <readonly>true</readonly>
         <run_address>0x256c</run_address>
         <size>0x2d</size>
         <alignment>0x1</alignment>
         <input_file_ref idref="fl-4"/>
      </object_component>
      <object_component id="oc-97">
         <name>.rodata.str1.27765182137393016891</name>
         <load_address>0x2599</load_address>
         <readonly>true</readonly>
         <run_address>0x2599</run_address>
         <size>0x2b</size>
         <alignment>0x1</alignment>
         <input_file_ref idref="fl-4"/>
      </object_component>
      <object_component id="oc-95">
         <name>.rodata.str1.160130399227851784941</name>
         <load_address>0x25c4</load_address>
         <readonly>true</readonly>
         <run_address>0x25c4</run_address>
         <size>0x2a</size>
         <alignment>0x1</alignment>
         <input_file_ref idref="fl-4"/>
      </object_component>
      <object_component id="oc-93">
         <name>.rodata.str1.106564761673377628201</name>
         <load_address>0x25ee</load_address>
         <readonly>true</readonly>
         <run_address>0x25ee</run_address>
         <size>0x29</size>
         <alignment>0x1</alignment>
         <input_file_ref idref="fl-4"/>
      </object_component>
      <object_component id="oc-9d">
         <name>.rodata.str1.125274942393670059941</name>
         <load_address>0x2617</load_address>
         <readonly>true</readonly>
         <run_address>0x2617</run_address>
         <size>0x21</size>
         <alignment>0x1</alignment>
         <input_file_ref idref="fl-4"/>
      </object_component>
      <object_component id="oc-a9">
         <name>.rodata.str1.88654781286360971761</name>
         <load_address>0x2638</load_address>
         <readonly>true</readonly>
         <run_address>0x2638</run_address>
         <size>0x20</size>
         <alignment>0x1</alignment>
         <input_file_ref idref="fl-4"/>
      </object_component>
      <object_component id="oc-a1">
         <name>.rodata.str1.126512123231748431251</name>
         <load_address>0x2658</load_address>
         <readonly>true</readonly>
         <run_address>0x2658</run_address>
         <size>0x1f</size>
         <alignment>0x1</alignment>
         <input_file_ref idref="fl-4"/>
      </object_component>
      <object_component id="oc-aa">
         <name>.rodata.str1.179041615879868232081</name>
         <load_address>0x2677</load_address>
         <readonly>true</readonly>
         <run_address>0x2677</run_address>
         <size>0x1e</size>
         <alignment>0x1</alignment>
         <input_file_ref idref="fl-4"/>
      </object_component>
      <object_component id="oc-9c">
         <name>.rodata.str1.99786479537793952541</name>
         <load_address>0x2695</load_address>
         <readonly>true</readonly>
         <run_address>0x2695</run_address>
         <size>0x1e</size>
         <alignment>0x1</alignment>
         <input_file_ref idref="fl-4"/>
      </object_component>
      <object_component id="oc-99">
         <name>.rodata.str1.45214025987930344151</name>
         <load_address>0x26b3</load_address>
         <readonly>true</readonly>
         <run_address>0x26b3</run_address>
         <size>0x1d</size>
         <alignment>0x1</alignment>
         <input_file_ref idref="fl-4"/>
      </object_component>
      <object_component id="oc-92">
         <name>.rodata.str1.47823638118278034481</name>
         <load_address>0x26d0</load_address>
         <readonly>true</readonly>
         <run_address>0x26d0</run_address>
         <size>0x1d</size>
         <alignment>0x1</alignment>
         <input_file_ref idref="fl-4"/>
      </object_component>
      <object_component id="oc-9b">
         <name>.rodata.str1.10781267324831433461</name>
         <load_address>0x26ed</load_address>
         <readonly>true</readonly>
         <run_address>0x26ed</run_address>
         <size>0x1c</size>
         <alignment>0x1</alignment>
         <input_file_ref idref="fl-4"/>
      </object_component>
      <object_component id="oc-9a">
         <name>.rodata.str1.149575915868344699481</name>
         <load_address>0x2709</load_address>
         <readonly>true</readonly>
         <run_address>0x2709</run_address>
         <size>0x1c</size>
         <alignment>0x1</alignment>
         <input_file_ref idref="fl-4"/>
      </object_component>
      <object_component id="oc-9e">
         <name>.rodata.str1.37857557598144381591</name>
         <load_address>0x2725</load_address>
         <readonly>true</readonly>
         <run_address>0x2725</run_address>
         <size>0x1c</size>
         <alignment>0x1</alignment>
         <input_file_ref idref="fl-4"/>
      </object_component>
      <object_component id="oc-a3">
         <name>.rodata.str1.48863990634052181811</name>
         <load_address>0x2741</load_address>
         <readonly>true</readonly>
         <run_address>0x2741</run_address>
         <size>0x1c</size>
         <alignment>0x1</alignment>
         <input_file_ref idref="fl-4"/>
      </object_component>
      <object_component id="oc-a7">
         <name>.rodata.str1.142805001090030349041</name>
         <load_address>0x275d</load_address>
         <readonly>true</readonly>
         <run_address>0x275d</run_address>
         <size>0x1a</size>
         <alignment>0x1</alignment>
         <input_file_ref idref="fl-4"/>
      </object_component>
      <object_component id="oc-a8">
         <name>.rodata.str1.179170495658677281401</name>
         <load_address>0x2777</load_address>
         <readonly>true</readonly>
         <run_address>0x2777</run_address>
         <size>0x1a</size>
         <alignment>0x1</alignment>
         <input_file_ref idref="fl-4"/>
      </object_component>
      <object_component id="oc-a5">
         <name>.rodata.str1.172837546165768606561</name>
         <load_address>0x2791</load_address>
         <readonly>true</readonly>
         <run_address>0x2791</run_address>
         <size>0x18</size>
         <alignment>0x1</alignment>
         <input_file_ref idref="fl-4"/>
      </object_component>
      <object_component id="oc-a4">
         <name>.rodata.str1.107176917785282500101</name>
         <load_address>0x27a9</load_address>
         <readonly>true</readonly>
         <run_address>0x27a9</run_address>
         <size>0x17</size>
         <alignment>0x1</alignment>
         <input_file_ref idref="fl-4"/>
      </object_component>
      <object_component id="oc-134">
         <name>.rodata.str1.103488685894817597201</name>
         <load_address>0x27c0</load_address>
         <readonly>true</readonly>
         <run_address>0x27c0</run_address>
         <size>0x11</size>
         <alignment>0x1</alignment>
         <input_file_ref idref="fl-35"/>
      </object_component>
      <object_component id="oc-120">
         <name>.rodata.str1.153638888446227384661</name>
         <load_address>0x27d1</load_address>
         <readonly>true</readonly>
         <run_address>0x27d1</run_address>
         <size>0x11</size>
         <alignment>0x1</alignment>
         <input_file_ref idref="fl-35"/>
      </object_component>
      <object_component id="oc-9f">
         <name>.rodata.str1.18198381921983467111</name>
         <load_address>0x27e2</load_address>
         <readonly>true</readonly>
         <run_address>0x27e2</run_address>
         <size>0x10</size>
         <alignment>0x1</alignment>
         <input_file_ref idref="fl-4"/>
      </object_component>
      <object_component id="oc-a0">
         <name>.rodata.str1.102101559301029198231</name>
         <load_address>0x27f2</load_address>
         <readonly>true</readonly>
         <run_address>0x27f2</run_address>
         <size>0xc</size>
         <alignment>0x1</alignment>
         <input_file_ref idref="fl-4"/>
      </object_component>
      <object_component id="oc-98">
         <name>.rodata.str1.170641806856669391661</name>
         <load_address>0x27fe</load_address>
         <readonly>true</readonly>
         <run_address>0x27fe</run_address>
         <size>0x3</size>
         <alignment>0x1</alignment>
         <input_file_ref idref="fl-4"/>
      </object_component>
      <object_component id="oc-1a9">
         <name>.binit</name>
         <load_address>0x0</load_address>
         <readonly>true</readonly>
         <run_address>0x0</run_address>
         <size>0x0</size>
         <alignment>0x4</alignment>
      </object_component>
      <object_component id="oc-cd">
         <name>.data.g_bus_clock_freq</name>
         <load_address>0x20200804</load_address>
         <readwrite>true</readwrite>
         <run_address>0x20200804</run_address>
         <size>0x4</size>
         <alignment>0x4</alignment>
         <input_file_ref idref="fl-3"/>
      </object_component>
      <object_component id="oc-96">
         <name>.data.test_reg16</name>
         <load_address>0x20200808</load_address>
         <readwrite>true</readwrite>
         <run_address>0x20200808</run_address>
         <size>0x2</size>
         <alignment>0x2</alignment>
         <input_file_ref idref="fl-4"/>
      </object_component>
      <object_component id="oc-14b">
         <name>.data.__aeabi_errno</name>
         <load_address>0x20200800</load_address>
         <readwrite>true</readwrite>
         <run_address>0x20200800</run_address>
         <size>0x4</size>
         <alignment>0x4</alignment>
         <input_file_ref idref="fl-2c"/>
      </object_component>
      <object_component id="oc-2f">
         <name>.sysmem</name>
         <uninitialized>true</uninitialized>
         <readwrite>true</readwrite>
         <run_address>0x20200000</run_address>
         <size>0x10</size>
         <alignment>0x8</alignment>
         <input_file_ref idref="fl-2f"/>
      </object_component>
      <object_component id="oc-1e6">
         <name>.sysmem</name>
         <uninitialized>true</uninitialized>
         <readwrite>true</readwrite>
         <run_address>0x20200000</run_address>
         <size>0x0</size>
         <alignment>0x4</alignment>
      </object_component>
      <object_component id="oc-1a">
         <name>.stack</name>
         <uninitialized>true</uninitialized>
         <readwrite>true</readwrite>
         <run_address>0x20207e00</run_address>
         <size>0x4</size>
         <alignment>0x4</alignment>
         <input_file_ref idref="fl-33"/>
      </object_component>
      <object_component id="oc-1e5">
         <name>.stack</name>
         <uninitialized>true</uninitialized>
         <readwrite>true</readwrite>
         <run_address>0x20207e00</run_address>
         <size>0x0</size>
         <alignment>0x8</alignment>
      </object_component>
      <object_component id="oc-ce">
         <name>.debug_abbrev</name>
         <load_address>0x0</load_address>
         <run_address>0x0</run_address>
         <size>0x198</size>
         <alignment>0x1</alignment>
         <input_file_ref idref="fl-3"/>
      </object_component>
      <object_component id="oc-ab">
         <name>.debug_abbrev</name>
         <load_address>0x198</load_address>
         <run_address>0x198</run_address>
         <size>0x100</size>
         <alignment>0x1</alignment>
         <input_file_ref idref="fl-4"/>
      </object_component>
      <object_component id="oc-e2">
         <name>.debug_abbrev</name>
         <load_address>0x298</load_address>
         <run_address>0x298</run_address>
         <size>0x10d</size>
         <alignment>0x1</alignment>
         <input_file_ref idref="fl-7"/>
      </object_component>
      <object_component id="oc-37">
         <name>.debug_abbrev</name>
         <load_address>0x3a5</load_address>
         <run_address>0x3a5</run_address>
         <size>0x6d</size>
         <alignment>0x1</alignment>
         <input_file_ref idref="fl-8"/>
      </object_component>
      <object_component id="oc-104">
         <name>.debug_abbrev</name>
         <load_address>0x412</load_address>
         <run_address>0x412</run_address>
         <size>0xe1</size>
         <alignment>0x1</alignment>
         <input_file_ref idref="fl-2b"/>
      </object_component>
      <object_component id="oc-14c">
         <name>.debug_abbrev</name>
         <load_address>0x4f3</load_address>
         <run_address>0x4f3</run_address>
         <size>0x148</size>
         <alignment>0x1</alignment>
         <input_file_ref idref="fl-2c"/>
      </object_component>
      <object_component id="oc-59">
         <name>.debug_abbrev</name>
         <load_address>0x63b</load_address>
         <run_address>0x63b</run_address>
         <size>0x299</size>
         <alignment>0x1</alignment>
         <input_file_ref idref="fl-2f"/>
      </object_component>
      <object_component id="oc-46">
         <name>.debug_abbrev</name>
         <load_address>0x8d4</load_address>
         <run_address>0x8d4</run_address>
         <size>0x70</size>
         <alignment>0x1</alignment>
         <input_file_ref idref="fl-31"/>
      </object_component>
      <object_component id="oc-3e">
         <name>.debug_abbrev</name>
         <load_address>0x944</load_address>
         <run_address>0x944</run_address>
         <size>0x8d</size>
         <alignment>0x1</alignment>
         <input_file_ref idref="fl-32"/>
      </object_component>
      <object_component id="oc-39">
         <name>.debug_abbrev</name>
         <load_address>0x9d1</load_address>
         <run_address>0x9d1</run_address>
         <size>0xaf</size>
         <alignment>0x1</alignment>
         <input_file_ref idref="fl-33"/>
      </object_component>
      <object_component id="oc-121">
         <name>.debug_abbrev</name>
         <load_address>0xa80</load_address>
         <run_address>0xa80</run_address>
         <size>0x2a3</size>
         <alignment>0x1</alignment>
         <input_file_ref idref="fl-35"/>
      </object_component>
      <object_component id="oc-eb">
         <name>.debug_abbrev</name>
         <load_address>0xd23</load_address>
         <run_address>0xd23</run_address>
         <size>0xb3</size>
         <alignment>0x1</alignment>
         <input_file_ref idref="fl-3a"/>
      </object_component>
      <object_component id="oc-196">
         <name>.debug_abbrev</name>
         <load_address>0xdd6</load_address>
         <run_address>0xdd6</run_address>
         <size>0x95</size>
         <alignment>0x1</alignment>
         <input_file_ref idref="fl-3c"/>
      </object_component>
      <object_component id="oc-145">
         <name>.debug_abbrev</name>
         <load_address>0xe6b</load_address>
         <run_address>0xe6b</run_address>
         <size>0x72</size>
         <alignment>0x1</alignment>
         <input_file_ref idref="fl-3e"/>
      </object_component>
      <object_component id="oc-141">
         <name>.debug_abbrev</name>
         <load_address>0xedd</load_address>
         <run_address>0xedd</run_address>
         <size>0x8b</size>
         <alignment>0x1</alignment>
         <input_file_ref idref="fl-3f"/>
      </object_component>
      <object_component id="oc-f1">
         <name>.debug_abbrev</name>
         <load_address>0xf68</load_address>
         <run_address>0xf68</run_address>
         <size>0x170</size>
         <alignment>0x1</alignment>
         <input_file_ref idref="fl-40"/>
      </object_component>
      <object_component id="oc-82">
         <name>.debug_abbrev</name>
         <load_address>0x10d8</load_address>
         <run_address>0x10d8</run_address>
         <size>0x39</size>
         <alignment>0x1</alignment>
         <input_file_ref idref="fl-41"/>
      </object_component>
      <object_component id="oc-18b">
         <name>.debug_abbrev</name>
         <load_address>0x1111</load_address>
         <run_address>0x1111</run_address>
         <size>0x81</size>
         <alignment>0x1</alignment>
         <input_file_ref idref="fl-43"/>
      </object_component>
      <object_component id="oc-18e">
         <name>.debug_abbrev</name>
         <load_address>0x1192</load_address>
         <run_address>0x1192</run_address>
         <size>0x88</size>
         <alignment>0x1</alignment>
         <input_file_ref idref="fl-44"/>
      </object_component>
      <object_component id="oc-148">
         <name>.debug_abbrev</name>
         <load_address>0x121a</load_address>
         <run_address>0x121a</run_address>
         <size>0x72</size>
         <alignment>0x1</alignment>
         <input_file_ref idref="fl-45"/>
      </object_component>
      <object_component id="oc-ff">
         <name>.debug_abbrev</name>
         <load_address>0x128c</load_address>
         <run_address>0x128c</run_address>
         <size>0x27</size>
         <alignment>0x1</alignment>
         <input_file_ref idref="fl-ef"/>
      </object_component>
      <object_component id="oc-19a">
         <name>.debug_abbrev</name>
         <load_address>0x12b3</load_address>
         <run_address>0x12b3</run_address>
         <size>0x27</size>
         <alignment>0x1</alignment>
         <input_file_ref idref="fl-f0"/>
      </object_component>
      <object_component id="oc-184">
         <name>.debug_abbrev</name>
         <load_address>0x12da</load_address>
         <run_address>0x12da</run_address>
         <size>0x27</size>
         <alignment>0x1</alignment>
         <input_file_ref idref="fl-f1"/>
      </object_component>
      <object_component id="oc-19d">
         <name>.debug_abbrev</name>
         <load_address>0x1301</load_address>
         <run_address>0x1301</run_address>
         <size>0x27</size>
         <alignment>0x1</alignment>
         <input_file_ref idref="fl-f4"/>
      </object_component>
      <object_component id="oc-191">
         <name>.debug_abbrev</name>
         <load_address>0x1328</load_address>
         <run_address>0x1328</run_address>
         <size>0x27</size>
         <alignment>0x1</alignment>
         <input_file_ref idref="fl-f6"/>
      </object_component>
      <object_component id="oc-100">
         <name>.debug_abbrev</name>
         <load_address>0x134f</load_address>
         <run_address>0x134f</run_address>
         <size>0x27</size>
         <alignment>0x1</alignment>
         <input_file_ref idref="fl-f7"/>
      </object_component>
      <object_component id="oc-199">
         <name>.debug_abbrev</name>
         <load_address>0x1376</load_address>
         <run_address>0x1376</run_address>
         <size>0x27</size>
         <alignment>0x1</alignment>
         <input_file_ref idref="fl-f8"/>
      </object_component>
      <object_component id="oc-fe">
         <name>.debug_abbrev</name>
         <load_address>0x139d</load_address>
         <run_address>0x139d</run_address>
         <size>0x27</size>
         <alignment>0x1</alignment>
         <input_file_ref idref="fl-fa"/>
      </object_component>
      <object_component id="oc-153">
         <name>.debug_abbrev</name>
         <load_address>0x13c4</load_address>
         <run_address>0x13c4</run_address>
         <size>0x27</size>
         <alignment>0x1</alignment>
         <input_file_ref idref="fl-fb"/>
      </object_component>
      <object_component id="oc-17d">
         <name>.debug_abbrev</name>
         <load_address>0x13eb</load_address>
         <run_address>0x13eb</run_address>
         <size>0x27</size>
         <alignment>0x1</alignment>
         <input_file_ref idref="fl-fd"/>
      </object_component>
      <object_component id="oc-19f">
         <name>.debug_abbrev</name>
         <load_address>0x1412</load_address>
         <run_address>0x1412</run_address>
         <size>0x27</size>
         <alignment>0x1</alignment>
         <input_file_ref idref="fl-ff"/>
      </object_component>
      <object_component id="oc-5f">
         <name>.debug_abbrev</name>
         <load_address>0x1439</load_address>
         <run_address>0x1439</run_address>
         <size>0x27</size>
         <alignment>0x1</alignment>
         <input_file_ref idref="fl-100"/>
      </object_component>
      <object_component id="oc-81">
         <name>.debug_abbrev</name>
         <load_address>0x1460</load_address>
         <run_address>0x1460</run_address>
         <size>0x25</size>
         <alignment>0x1</alignment>
         <input_file_ref idref="fl-101"/>
      </object_component>
      <object_component id="oc-fd">
         <name>.debug_abbrev</name>
         <load_address>0x1485</load_address>
         <run_address>0x1485</run_address>
         <size>0x27</size>
         <alignment>0x1</alignment>
         <input_file_ref idref="fl-102"/>
      </object_component>
      <object_component id="oc-158">
         <name>.debug_abbrev</name>
         <load_address>0x14ac</load_address>
         <run_address>0x14ac</run_address>
         <size>0x27</size>
         <alignment>0x1</alignment>
         <input_file_ref idref="fl-103"/>
      </object_component>
      <object_component id="oc-18a">
         <name>.debug_abbrev</name>
         <load_address>0x14d3</load_address>
         <run_address>0x14d3</run_address>
         <size>0x27</size>
         <alignment>0x1</alignment>
         <input_file_ref idref="fl-105"/>
      </object_component>
      <object_component id="oc-19e">
         <name>.debug_abbrev</name>
         <load_address>0x14fa</load_address>
         <run_address>0x14fa</run_address>
         <size>0x27</size>
         <alignment>0x1</alignment>
         <input_file_ref idref="fl-106"/>
      </object_component>
      <object_component id="oc-19b">
         <name>.debug_abbrev</name>
         <load_address>0x1521</load_address>
         <run_address>0x1521</run_address>
         <size>0xc8</size>
         <alignment>0x1</alignment>
         <input_file_ref idref="fl-107"/>
      </object_component>
      <object_component id="oc-10f">
         <name>.debug_abbrev</name>
         <load_address>0x15e9</load_address>
         <run_address>0x15e9</run_address>
         <size>0x59</size>
         <alignment>0x1</alignment>
         <input_file_ref idref="fl-108"/>
      </object_component>
      <object_component id="oc-c6">
         <name>.debug_abbrev</name>
         <load_address>0x1642</load_address>
         <run_address>0x1642</run_address>
         <size>0x25</size>
         <alignment>0x1</alignment>
         <input_file_ref idref="fl-10a"/>
      </object_component>
      <object_component id="oc-f7">
         <name>.debug_abbrev</name>
         <load_address>0x1667</load_address>
         <run_address>0x1667</run_address>
         <size>0x25</size>
         <alignment>0x1</alignment>
         <input_file_ref idref="fl-10b"/>
      </object_component>
      <object_component id="oc-1e9">
         <name>.debug_abbrev</name>
         <load_address>0x168c</load_address>
         <run_address>0x168c</run_address>
         <size>0x23</size>
         <alignment>0x0</alignment>
      </object_component>
      <object_component id="oc-85">
         <name>.debug_info</name>
         <load_address>0x0</load_address>
         <run_address>0x0</run_address>
         <size>0x15e4</size>
         <alignment>0x1</alignment>
         <input_file_ref idref="fl-3"/>
      </object_component>
      <object_component id="oc-6c">
         <name>.debug_info</name>
         <load_address>0x15e4</load_address>
         <run_address>0x15e4</run_address>
         <size>0x63d</size>
         <alignment>0x1</alignment>
         <input_file_ref idref="fl-4"/>
      </object_component>
      <object_component id="oc-8a">
         <name>.debug_info</name>
         <load_address>0x1c21</load_address>
         <run_address>0x1c21</run_address>
         <size>0x76a</size>
         <alignment>0x1</alignment>
         <input_file_ref idref="fl-7"/>
      </object_component>
      <object_component id="oc-19">
         <name>.debug_info</name>
         <load_address>0x238b</load_address>
         <run_address>0x238b</run_address>
         <size>0x94</size>
         <alignment>0x1</alignment>
         <input_file_ref idref="fl-8"/>
      </object_component>
      <object_component id="oc-e6">
         <name>.debug_info</name>
         <load_address>0x241f</load_address>
         <run_address>0x241f</run_address>
         <size>0x165</size>
         <alignment>0x1</alignment>
         <input_file_ref idref="fl-2b"/>
      </object_component>
      <object_component id="oc-12c">
         <name>.debug_info</name>
         <load_address>0x2584</load_address>
         <run_address>0x2584</run_address>
         <size>0x33d</size>
         <alignment>0x1</alignment>
         <input_file_ref idref="fl-2c"/>
      </object_component>
      <object_component id="oc-30">
         <name>.debug_info</name>
         <load_address>0x28c1</load_address>
         <run_address>0x28c1</run_address>
         <size>0xae7</size>
         <alignment>0x1</alignment>
         <input_file_ref idref="fl-2f"/>
      </object_component>
      <object_component id="oc-21">
         <name>.debug_info</name>
         <load_address>0x33a8</load_address>
         <run_address>0x33a8</run_address>
         <size>0xc6</size>
         <alignment>0x1</alignment>
         <input_file_ref idref="fl-31"/>
      </object_component>
      <object_component id="oc-1d">
         <name>.debug_info</name>
         <load_address>0x346e</load_address>
         <run_address>0x346e</run_address>
         <size>0x17c</size>
         <alignment>0x1</alignment>
         <input_file_ref idref="fl-32"/>
      </object_component>
      <object_component id="oc-1b">
         <name>.debug_info</name>
         <load_address>0x35ea</load_address>
         <run_address>0x35ea</run_address>
         <size>0x423</size>
         <alignment>0x1</alignment>
         <input_file_ref idref="fl-33"/>
      </object_component>
      <object_component id="oc-114">
         <name>.debug_info</name>
         <load_address>0x3a0d</load_address>
         <run_address>0x3a0d</run_address>
         <size>0x1f24</size>
         <alignment>0x1</alignment>
         <input_file_ref idref="fl-35"/>
      </object_component>
      <object_component id="oc-ae">
         <name>.debug_info</name>
         <load_address>0x5931</load_address>
         <run_address>0x5931</run_address>
         <size>0xed</size>
         <alignment>0x1</alignment>
         <input_file_ref idref="fl-3a"/>
      </object_component>
      <object_component id="oc-166">
         <name>.debug_info</name>
         <load_address>0x5a1e</load_address>
         <run_address>0x5a1e</run_address>
         <size>0xc2</size>
         <alignment>0x1</alignment>
         <input_file_ref idref="fl-3c"/>
      </object_component>
      <object_component id="oc-124">
         <name>.debug_info</name>
         <load_address>0x5ae0</load_address>
         <run_address>0x5ae0</run_address>
         <size>0x9e</size>
         <alignment>0x1</alignment>
         <input_file_ref idref="fl-3e"/>
      </object_component>
      <object_component id="oc-11d">
         <name>.debug_info</name>
         <load_address>0x5b7e</load_address>
         <run_address>0x5b7e</run_address>
         <size>0xce</size>
         <alignment>0x1</alignment>
         <input_file_ref idref="fl-3f"/>
      </object_component>
      <object_component id="oc-b6">
         <name>.debug_info</name>
         <load_address>0x5c4c</load_address>
         <run_address>0x5c4c</run_address>
         <size>0x744</size>
         <alignment>0x1</alignment>
         <input_file_ref idref="fl-40"/>
      </object_component>
      <object_component id="oc-68">
         <name>.debug_info</name>
         <load_address>0x6390</load_address>
         <run_address>0x6390</run_address>
         <size>0x46</size>
         <alignment>0x1</alignment>
         <input_file_ref idref="fl-41"/>
      </object_component>
      <object_component id="oc-15a">
         <name>.debug_info</name>
         <load_address>0x63d6</load_address>
         <run_address>0x63d6</run_address>
         <size>0xf1</size>
         <alignment>0x1</alignment>
         <input_file_ref idref="fl-43"/>
      </object_component>
      <object_component id="oc-15e">
[...]
         <value>0xffffffff</value>
      </symbol>
      <symbol id="sm-45">
         <name>get_bus_clock_freq</name>
         <value>0x2395</value>
         <object_component_ref idref="oc-d1"/>
      </symbol>
      <symbol id="sm-46">
         <name>g_bus_clock_freq</name>
         <value>0x20200804</value>
         <object_component_ref idref="oc-cd"/>
      </symbol>
      <symbol id="sm-47">
         <name>clock_init_40mhz</name>
         <value>0x137d</value>
         <object_component_ref idref="oc-84"/>
      </symbol>
      <symbol id="sm-48">
         <name>clock_delay</name>
         <value>0x2349</value>
         <object_component_ref idref="oc-d0"/>
      </symbol>
      <symbol id="sm-72">
         <name>main</name>
         <value>0xa91</value>
         <object_component_ref idref="oc-6b"/>
      </symbol>
      <symbol id="sm-73">
         <name>msp_printf</name>
         <value>0x1fa3</value>
         <object_component_ref idref="oc-8e"/>
      </symbol>
      <symbol id="sm-74">
         <name>set_bit</name>
         <value>0x22e3</value>
         <object_component_ref idref="oc-8f"/>
      </symbol>
      <symbol id="sm-75">
         <name>check_bit</name>
         <value>0x2297</value>
         <object_component_ref idref="oc-90"/>
      </symbol>
      <symbol id="sm-76">
         <name>clear_bit</name>
         <value>0x22cb</value>
         <object_component_ref idref="oc-91"/>
      </symbol>
      <symbol id="sm-77">
         <name>test_reg16</name>
         <value>0x20200808</value>
         <object_component_ref idref="oc-96"/>
      </symbol>
      <symbol id="sm-86">
         <name>UART_init</name>
         <value>0x1a09</value>
         <object_component_ref idref="oc-89"/>
      </symbol>
      <symbol id="sm-87">
         <name>UART_out_char</name>
         <value>0x218d</value>
         <object_component_ref idref="oc-ea"/>
      </symbol>
      <symbol id="sm-94">
         <name>Default_Handler</name>
         <value>0x23e1</value>
         <object_component_ref idref="oc-35"/>
      </symbol>
      <symbol id="sm-95">
         <name>Reset_Handler</name>
         <value>0x23e9</value>
         <object_component_ref idref="oc-31"/>
      </symbol>
      <symbol id="sm-96">
         <name>HardFault_Handler</name>
         <value>0x23e5</value>
         <object_component_ref idref="oc-36"/>
      </symbol>
      <symbol id="sm-97">
         <name>interruptVectors</name>
         <value>0x0</value>
         <object_component_ref idref="oc-18"/>
      </symbol>
      <symbol id="sm-98">
         <name>NMI_Handler</name>
         <value>0x23e1</value>
         <object_component_ref idref="oc-35"/>
      </symbol>
      <symbol id="sm-99">
         <name>SVC_Handler</name>
         <value>0x23e1</value>
         <object_component_ref idref="oc-35"/>
      </symbol>
      <symbol id="sm-9a">
         <name>PendSV_Handler</name>
         <value>0x23e1</value>
         <object_component_ref idref="oc-35"/>
      </symbol>
      <symbol id="sm-9b">
         <name>SysTick_Handler</name>
         <value>0x23e1</value>
         <object_component_ref idref="oc-35"/>
      </symbol>
      <symbol id="sm-9c">
         <name>GROUP0_IRQHandler</name>
         <value>0x23e1</value>
         <object_component_ref idref="oc-35"/>
      </symbol>
      <symbol id="sm-9d">
         <name>GROUP1_IRQHandler</name>
         <value>0x23e1</value>
         <object_component_ref idref="oc-35"/>
      </symbol>
      <symbol id="sm-9e">
         <name>TIMG8_IRQHandler</name>
         <value>0x23e1</value>
         <object_component_ref idref="oc-35"/>
      </symbol>
      <symbol id="sm-9f">
         <name>UART3_IRQHandler</name>
         <value>0x23e1</value>
         <object_component_ref idref="oc-35"/>
      </symbol>
      <symbol id="sm-a0">
         <name>ADC0_IRQHandler</name>
         <value>0x23e1</value>
         <object_component_ref idref="oc-35"/>
      </symbol>
      <symbol id="sm-a1">
         <name>ADC1_IRQHandler</name>
         <value>0x23e1</value>
         <object_component_ref idref="oc-35"/>
      </symbol>
      <symbol id="sm-a2">
         <name>CANFD0_IRQHandler</name>
         <value>0x23e1</value>
         <object_component_ref idref="oc-35"/>
      </symbol>
      <symbol id="sm-a3">
         <name>DAC0_IRQHandler</name>
         <value>0x23e1</value>
         <object_component_ref idref="oc-35"/>
      </symbol>
      <symbol id="sm-a4">
         <name>SPI0_IRQHandler</name>
         <value>0x23e1</value>
         <object_component_ref idref="oc-35"/>
      </symbol>
      <symbol id="sm-a5">
         <name>SPI1_IRQHandler</name>
         <value>0x23e1</value>
         <object_component_ref idref="oc-35"/>
      </symbol>
      <symbol id="sm-a6">
         <name>UART1_IRQHandler</name>
         <value>0x23e1</value>
         <object_component_ref idref="oc-35"/>
      </symbol>
      <symbol id="sm-a7">
         <name>UART2_IRQHandler</name>
         <value>0x23e1</value>
         <object_component_ref idref="oc-35"/>
      </symbol>
      <symbol id="sm-a8">
         <name>UART0_IRQHandler</name>
         <value>0x23e1</value>
         <object_component_ref idref="oc-35"/>
      </symbol>
      <symbol id="sm-a9">
         <name>TIMG0_IRQHandler</name>
         <value>0x23e1</value>
         <object_component_ref idref="oc-35"/>
      </symbol>
      <symbol id="sm-aa">
         <name>TIMG6_IRQHandler</name>
         <value>0x23e1</value>
         <object_component_ref idref="oc-35"/>
      </symbol>
      <symbol id="sm-ab">
         <name>TIMA0_IRQHandler</name>
         <value>0x23e1</value>
         <object_component_ref idref="oc-35"/>
      </symbol>
      <symbol id="sm-ac">
         <name>TIMA1_IRQHandler</name>
         <value>0x23e1</value>
         <object_component_ref idref="oc-35"/>
      </symbol>
      <symbol id="sm-ad">
         <name>TIMG7_IRQHandler</name>
         <value>0x23e1</value>
         <object_component_ref idref="oc-35"/>
      </symbol>
      <symbol id="sm-ae">
         <name>TIMG12_IRQHandler</name>
         <value>0x23e1</value>
         <object_component_ref idref="oc-35"/>
      </symbol>
      <symbol id="sm-af">
         <name>I2C0_IRQHandler</name>
         <value>0x23e1</value>
         <object_component_ref idref="oc-35"/>
      </symbol>
      <symbol id="sm-b0">
         <name>I2C1_IRQHandler</name>
         <value>0x23e1</value>
         <object_component_ref idref="oc-35"/>
      </symbol>
      <symbol id="sm-b1">
         <name>AES_IRQHandler</name>
         <value>0x23e1</value>
         <object_component_ref idref="oc-35"/>
      </symbol>
      <symbol id="sm-b2">
         <name>RTC_IRQHandler</name>
         <value>0x23e1</value>
         <object_component_ref idref="oc-35"/>
      </symbol>
      <symbol id="sm-b3">
         <name>DMA_IRQHandler</name>
         <value>0x23e1</value>
         <object_component_ref idref="oc-35"/>
      </symbol>
      <symbol id="sm-b4">
         <name>__TI_ATRegion0_src_addr</name>
         <value>0x0</value>
      </symbol>
      <symbol id="sm-b5">
         <name>__TI_ATRegion0_trg_addr</name>
         <value>0x0</value>
      </symbol>
      <symbol id="sm-b6">
         <name>__TI_ATRegion0_region_sz</name>
         <value>0x0</value>
      </symbol>
      <symbol id="sm-b7">
         <name>__TI_ATRegion1_src_addr</name>
         <value>0x0</value>
      </symbol>
      <symbol id="sm-b8">
         <name>__TI_ATRegion1_trg_addr</name>
         <value>0x0</value>
      </symbol>
      <symbol id="sm-b9">
         <name>__TI_ATRegion1_region_sz</name>
         <value>0x0</value>
      </symbol>
      <symbol id="sm-ba">
         <name>__TI_ATRegion2_src_addr</name>
         <value>0x0</value>
      </symbol>
      <symbol id="sm-bb">
         <name>__TI_ATRegion2_trg_addr</name>
         <value>0x0</value>
      </symbol>
      <symbol id="sm-bc">
         <name>__TI_ATRegion2_region_sz</name>
         <value>0x0</value>
      </symbol>
      <symbol id="sm-d0">
         <name>sprintf</name>
         <value>0x2125</value>
         <object_component_ref idref="oc-e4"/>
      </symbol>
      <symbol id="sm-db">
         <name>__aeabi_errno_addr</name>
         <value>0x23d1</value>
         <object_component_ref idref="oc-12b"/>
      </symbol>
      <symbol id="sm-dc">
         <name>__aeabi_errno</name>
         <value>0x20200800</value>
         <object_component_ref idref="oc-14b"/>
      </symbol>
      <symbol id="sm-e5">
         <name>_sys_memory</name>
         <value>0x20200000</value>
         <object_component_ref idref="oc-2f"/>
      </symbol>
      <symbol id="sm-ef">
         <name>__TI_decompress_none</name>
         <value>0x2337</value>
         <object_component_ref idref="oc-20"/>
      </symbol>
      <symbol id="sm-fa">
         <name>__TI_decompress_lzss</name>
         <value>0x1b81</value>
         <object_component_ref idref="oc-1c"/>
      </symbol>
      <symbol id="sm-105">
         <name>_c_int00_noargs</name>
         <value>0x21e5</value>
         <object_component_ref idref="oc-52"/>
      </symbol>
      <symbol id="sm-106">
         <name>__stack</name>
         <value>0x20207e00</value>
         <object_component_ref idref="oc-1a"/>
      </symbol>
      <symbol id="sm-150">
         <name>__TI_printfi</name>
         <value>0xc1</value>
         <object_component_ref idref="oc-119"/>
      </symbol>
      <symbol id="sm-15e">
         <name>abort</name>
         <value>0x23f1</value>
         <object_component_ref idref="oc-ad"/>
      </symbol>
      <symbol id="sm-15f">
         <name>C$$EXIT</name>
         <value>0x23f0</value>
         <object_component_ref idref="oc-ad"/>
      </symbol>
      <symbol id="sm-169">
         <name>__TI_ltoa</name>
         <value>0x1e01</value>
         <object_component_ref idref="oc-165"/>
      </symbol>
      <symbol id="sm-174">
         <name>atoi</name>
         <value>0x206d</value>
         <object_component_ref idref="oc-123"/>
      </symbol>
      <symbol id="sm-17d">
         <name>memccpy</name>
         <value>0x2255</value>
         <object_component_ref idref="oc-11c"/>
      </symbol>
      <symbol id="sm-188">
         <name>__TI_auto_init_nobinit_nopinit</name>
         <value>0x20ad</value>
         <object_component_ref idref="oc-b4"/>
      </symbol>
      <symbol id="sm-190">
         <name>_system_pre_init</name>
         <value>0x23ed</value>
         <object_component_ref idref="oc-67"/>
      </symbol>
      <symbol id="sm-19b">
         <name>frexp</name>
         <value>0x1da5</value>
         <object_component_ref idref="oc-159"/>
      </symbol>
      <symbol id="sm-19c">
         <name>frexpl</name>
         <value>0x1da5</value>
         <object_component_ref idref="oc-159"/>
      </symbol>
      <symbol id="sm-1a6">
         <name>scalbn</name>
         <value>0x1931</value>
         <object_component_ref idref="oc-15d"/>
      </symbol>
      <symbol id="sm-1a7">
         <name>ldexp</name>
         <value>0x1931</value>
         <object_component_ref idref="oc-15d"/>
      </symbol>
      <symbol id="sm-1a8">
         <name>scalbnl</name>
         <value>0x1931</value>
         <object_component_ref idref="oc-15d"/>
      </symbol>
      <symbol id="sm-1a9">
         <name>ldexpl</name>
         <value>0x1931</value>
         <object_component_ref idref="oc-15d"/>
      </symbol>
      <symbol id="sm-1b2">
         <name>wcslen</name>
         <value>0x2359</value>
         <object_component_ref idref="oc-127"/>
      </symbol>
      <symbol id="sm-1b5">
         <name>__aeabi_ctype_table_</name>
         <value>0x2400</value>
         <object_component_ref idref="oc-144"/>
      </symbol>
      <symbol id="sm-1b6">
         <name>__aeabi_ctype_table_C</name>
         <value>0x2400</value>
         <object_component_ref idref="oc-144"/>
      </symbol>
      <symbol id="sm-1cc">
         <name>__aeabi_dadd</name>
         <value>0x11f3</value>
         <object_component_ref idref="oc-da"/>
      </symbol>
      <symbol id="sm-1cd">
         <name>__adddf3</name>
         <value>0x11f3</value>
         <object_component_ref idref="oc-da"/>
      </symbol>
      <symbol id="sm-1ce">
         <name>__aeabi_dsub</name>
         <value>0x11e9</value>
         <object_component_ref idref="oc-da"/>
      </symbol>
      <symbol id="sm-1cf">
         <name>__subdf3</name>
         <value>0x11e9</value>
         <object_component_ref idref="oc-da"/>
      </symbol>
      <symbol id="sm-1d8">
         <name>__aeabi_dmul</name>
         <value>0x184d</value>
         <object_component_ref idref="oc-16e"/>
      </symbol>
      <symbol id="sm-1d9">
         <name>__muldf3</name>
         <value>0x184d</value>
         <object_component_ref idref="oc-16e"/>
      </symbol>
      <symbol id="sm-1df">
         <name>__muldsi3</name>
         <value>0x20e9</value>
         <object_component_ref idref="oc-14f"/>
      </symbol>
      <symbol id="sm-1e5">
         <name>__aeabi_ddiv</name>
         <value>0x1741</value>
         <object_component_ref idref="oc-17e"/>
      </symbol>
      <symbol id="sm-1e6">
         <name>__divdf3</name>
         <value>0x1741</value>
         <object_component_ref idref="oc-17e"/>
      </symbol>
      <symbol id="sm-1ec">
         <name>__aeabi_d2iz</name>
         <value>0x1f59</value>
         <object_component_ref idref="oc-161"/>
      </symbol>
      <symbol id="sm-1ed">
         <name>__fixdfsi</name>
         <value>0x1f59</value>
         <object_component_ref idref="oc-161"/>
      </symbol>
      <symbol id="sm-1f3">
         <name>__aeabi_d2uiz</name>
         <value>0x1fe9</value>
         <object_component_ref idref="oc-de"/>
      </symbol>
      <symbol id="sm-1f4">
         <name>__fixunsdfsi</name>
         <value>0x1fe9</value>
         <object_component_ref idref="oc-de"/>
      </symbol>
      <symbol id="sm-1fa">
         <name>__aeabi_i2d</name>
         <value>0x21b9</value>
         <object_component_ref idref="oc-169"/>
      </symbol>
      <symbol id="sm-1fb">
         <name>__floatsidf</name>
         <value>0x21b9</value>
         <object_component_ref idref="oc-169"/>
      </symbol>
      <symbol id="sm-201">
         <name>__aeabi_ui2d</name>
         <value>0x220d</value>
         <object_component_ref idref="oc-d6"/>
      </symbol>
      <symbol id="sm-202">
         <name>__floatunsidf</name>
         <value>0x220d</value>
         <object_component_ref idref="oc-d6"/>
      </symbol>
      <symbol id="sm-208">
         <name>__aeabi_lmul</name>
         <value>0x2231</value>
         <object_component_ref idref="oc-130"/>
      </symbol>
      <symbol id="sm-209">
         <name>__muldi3</name>
         <value>0x2231</value>
         <object_component_ref idref="oc-130"/>
      </symbol>
      <symbol id="sm-20f">
         <name>__aeabi_dcmpeq</name>
         <value>0x1d41</value>
         <object_component_ref idref="oc-13a"/>
      </symbol>
      <symbol id="sm-210">
         <name>__aeabi_dcmplt</name>
         <value>0x1d55</value>
         <object_component_ref idref="oc-13a"/>
      </symbol>
      <symbol id="sm-211">
         <name>__aeabi_dcmple</name>
         <value>0x1d69</value>
         <object_component_ref idref="oc-13a"/>
      </symbol>
      <symbol id="sm-212">
         <name>__aeabi_dcmpge</name>
         <value>0x1d7d</value>
         <object_component_ref idref="oc-13a"/>
      </symbol>
      <symbol id="sm-213">
         <name>__aeabi_dcmpgt</name>
         <value>0x1d91</value>
         <object_component_ref idref="oc-13a"/>
      </symbol>
      <symbol id="sm-219">
         <name>__aeabi_idiv</name>
         <value>0x1eb1</value>
         <object_component_ref idref="oc-192"/>
      </symbol>
      <symbol id="sm-21a">
         <name>__aeabi_idivmod</name>
         <value>0x1eb1</value>
         <object_component_ref idref="oc-192"/>
      </symbol>
      <symbol id="sm-220">
         <name>__aeabi_memcpy</name>
         <value>0x23d9</value>
         <object_component_ref idref="oc-42"/>
      </symbol>
      <symbol id="sm-221">
         <name>__aeabi_memcpy4</name>
         <value>0x23d9</value>
         <object_component_ref idref="oc-42"/>
      </symbol>
      <symbol id="sm-222">
         <name>__aeabi_memcpy8</name>
         <value>0x23d9</value>
         <object_component_ref idref="oc-42"/>
      </symbol>
      <symbol id="sm-229">
         <name>__aeabi_memset</name>
         <value>0x2369</value>
         <object_component_ref idref="oc-11b"/>
      </symbol>
      <symbol id="sm-22a">
         <name>__aeabi_memset4</name>
         <value>0x2369</value>
         <object_component_ref idref="oc-11b"/>
      </symbol>
      <symbol id="sm-22b">
         <name>__aeabi_memset8</name>
         <value>0x2369</value>
         <object_component_ref idref="oc-11b"/>
      </symbol>
      <symbol id="sm-231">
         <name>__aeabi_uidiv</name>
         <value>0x202d</value>
         <object_component_ref idref="oc-d2"/>
      </symbol>
      <symbol id="sm-232">
         <name>__aeabi_uidivmod</name>
         <value>0x202d</value>
         <object_component_ref idref="oc-d2"/>
      </symbol>
      <symbol id="sm-238">
         <name>__aeabi_uldivmod</name>
         <value>0x22fd</value>
         <object_component_ref idref="oc-135"/>
      </symbol>
      <symbol id="sm-23e">
         <name>__udivmoddi4</name>
         <value>0x1add</value>
         <object_component_ref idref="oc-154"/>
      </symbol>
      <symbol id="sm-244">
         <name>__aeabi_llsl</name>
         <value>0x2279</value>
         <object_component_ref idref="oc-186"/>
      </symbol>
      <symbol id="sm-245">
         <name>__ashldi3</name>
         <value>0x2279</value>
         <object_component_ref idref="oc-186"/>
      </symbol>
      <symbol id="sm-253">
         <name>__ledf2</name>
         <value>0x1c71</value>
         <object_component_ref idref="oc-176"/>
      </symbol>
      <symbol id="sm-254">
         <name>__gedf2</name>
         <value>0x1bfd</value>
         <object_component_ref idref="oc-17c"/>
      </symbol>
      <symbol id="sm-255">
         <name>__cmpdf2</name>
         <value>0x1c71</value>
         <object_component_ref idref="oc-176"/>
      </symbol>
      <symbol id="sm-256">
         <name>__eqdf2</name>
         <value>0x1c71</value>
         <object_component_ref idref="oc-176"/>
      </symbol>
      <symbol id="sm-257">
         <name>__ltdf2</name>
         <value>0x1c71</value>
         <object_component_ref idref="oc-176"/>
      </symbol>
      <symbol id="sm-258">
         <name>__nedf2</name>
         <value>0x1c71</value>
         <object_component_ref idref="oc-176"/>
      </symbol>
      <symbol id="sm-259">
         <name>__gtdf2</name>
         <value>0x1bfd</value>
         <object_component_ref idref="oc-17c"/>
      </symbol>
      <symbol id="sm-265">
         <name>__aeabi_idiv0</name>
         <value>0x137b</value>
         <object_component_ref idref="oc-f8"/>
      </symbol>
      <symbol id="sm-266">
         <name>__aeabi_ldiv0</name>
         <value>0x1b7f</value>
         <object_component_ref idref="oc-185"/>
      </symbol>
      <symbol id="sm-270">
         <name>TI_memcpy_small</name>
         <value>0x2325</value>
         <object_component_ref idref="oc-7a"/>
      </symbol>
      <symbol id="sm-279">
         <name>TI_memset_small</name>
         <value>0x2385</value>
         <object_component_ref idref="oc-c7"/>
      </symbol>
      <symbol id="sm-27a">
         <name>__TI_static_base__</name>
         <value>0x0</value>
      </symbol>
      <symbol id="sm-27e">
         <name>__mpu_init</name>
         <value>0x0</value>
      </symbol>
      <symbol id="sm-27f">
         <name>_system_post_cinit</name>
         <value>0x0</value>
      </symbol>
   </symbol_table>
   <title>Link successful</title>
</link_info>
